Archive member included to satisfy reference by file (symbol)

c:/program files (x86)/atollic/truestudio for stm32 9.0.0/armtools/bin/../lib/gcc/arm-atollic-eabi/6.3.1/../../../../arm-atollic-eabi/lib/armv7e-m/fpu\libc_nano.a(lib_a-malloc.o)
                              Middlewares\USB_Host_Library\usbh_cdc.o (malloc)
c:/program files (x86)/atollic/truestudio for stm32 9.0.0/armtools/bin/../lib/gcc/arm-atollic-eabi/6.3.1/../../../../arm-atollic-eabi/lib/armv7e-m/fpu\libc_nano.a(lib_a-nano-freer.o)
                              c:/program files (x86)/atollic/truestudio for stm32 9.0.0/armtools/bin/../lib/gcc/arm-atollic-eabi/6.3.1/../../../../arm-atollic-eabi/lib/armv7e-m/fpu\libc_nano.a(lib_a-malloc.o) (_free_r)
c:/program files (x86)/atollic/truestudio for stm32 9.0.0/armtools/bin/../lib/gcc/arm-atollic-eabi/6.3.1/../../../../arm-atollic-eabi/lib/armv7e-m/fpu\libc_nano.a(lib_a-nano-mallocr.o)
                              c:/program files (x86)/atollic/truestudio for stm32 9.0.0/armtools/bin/../lib/gcc/arm-atollic-eabi/6.3.1/../../../../arm-atollic-eabi/lib/armv7e-m/fpu\libc_nano.a(lib_a-malloc.o) (_malloc_r)
c:/program files (x86)/atollic/truestudio for stm32 9.0.0/armtools/bin/../lib/gcc/arm-atollic-eabi/6.3.1/../../../../arm-atollic-eabi/lib/armv7e-m/fpu\libc_nano.a(lib_a-sbrkr.o)
                              c:/program files (x86)/atollic/truestudio for stm32 9.0.0/armtools/bin/../lib/gcc/arm-atollic-eabi/6.3.1/../../../../arm-atollic-eabi/lib/armv7e-m/fpu\libc_nano.a(lib_a-nano-mallocr.o) (_sbrk_r)
c:/program files (x86)/atollic/truestudio for stm32 9.0.0/armtools/bin/../lib/gcc/arm-atollic-eabi/6.3.1/../../../../arm-atollic-eabi/lib/armv7e-m/fpu\libc_nano.a(lib_a-impure.o)
                              c:/program files (x86)/atollic/truestudio for stm32 9.0.0/armtools/bin/../lib/gcc/arm-atollic-eabi/6.3.1/../../../../arm-atollic-eabi/lib/armv7e-m/fpu\libc_nano.a(lib_a-malloc.o) (_impure_ptr)
c:/program files (x86)/atollic/truestudio for stm32 9.0.0/armtools/bin/../lib/gcc/arm-atollic-eabi/6.3.1/../../../../arm-atollic-eabi/lib/armv7e-m/fpu\libc_nano.a(lib_a-mlock.o)
                              c:/program files (x86)/atollic/truestudio for stm32 9.0.0/armtools/bin/../lib/gcc/arm-atollic-eabi/6.3.1/../../../../arm-atollic-eabi/lib/armv7e-m/fpu\libc_nano.a(lib_a-nano-freer.o) (__malloc_lock)
c:/program files (x86)/atollic/truestudio for stm32 9.0.0/armtools/bin/../lib/gcc/arm-atollic-eabi/6.3.1/../../../../arm-atollic-eabi/lib/armv7e-m/fpu\libc_nano.a(lib_a-reent.o)
                              c:/program files (x86)/atollic/truestudio for stm32 9.0.0/armtools/bin/../lib/gcc/arm-atollic-eabi/6.3.1/../../../../arm-atollic-eabi/lib/armv7e-m/fpu\libc_nano.a(lib_a-sbrkr.o) (errno)
c:/program files (x86)/atollic/truestudio for stm32 9.0.0/armtools/bin/../lib/gcc/arm-atollic-eabi/6.3.1/armv7e-m/fpu\libgcc.a(_aeabi_uldivmod.o)
                              Drivers\STM32F4xx_HAL_Driver\stm32f4xx_hal_rcc.o (__aeabi_uldivmod)
c:/program files (x86)/atollic/truestudio for stm32 9.0.0/armtools/bin/../lib/gcc/arm-atollic-eabi/6.3.1/armv7e-m/fpu\libgcc.a(_udivmoddi4.o)
                              c:/program files (x86)/atollic/truestudio for stm32 9.0.0/armtools/bin/../lib/gcc/arm-atollic-eabi/6.3.1/armv7e-m/fpu\libgcc.a(_aeabi_uldivmod.o) (__udivmoddi4)
c:/program files (x86)/atollic/truestudio for stm32 9.0.0/armtools/bin/../lib/gcc/arm-atollic-eabi/6.3.1/armv7e-m/fpu\libgcc.a(_dvmd_tls.o)
                              c:/program files (x86)/atollic/truestudio for stm32 9.0.0/armtools/bin/../lib/gcc/arm-atollic-eabi/6.3.1/armv7e-m/fpu\libgcc.a(_aeabi_uldivmod.o) (__aeabi_ldiv0)
c:/program files (x86)/atollic/truestudio for stm32 9.0.0/armtools/bin/../lib/gcc/arm-atollic-eabi/6.3.1/../../../../arm-atollic-eabi/lib/armv7e-m/fpu\libnosys.a(sbrk.o)
                              c:/program files (x86)/atollic/truestudio for stm32 9.0.0/armtools/bin/../lib/gcc/arm-atollic-eabi/6.3.1/../../../../arm-atollic-eabi/lib/armv7e-m/fpu\libc_nano.a(lib_a-sbrkr.o) (_sbrk)

Allocating common symbols
Common symbol       size              file

hspi2               0x58              Application\User\main.o
errno               0x4               c:/program files (x86)/atollic/truestudio for stm32 9.0.0/armtools/bin/../lib/gcc/arm-atollic-eabi/6.3.1/../../../../arm-atollic-eabi/lib/armv7e-m/fpu\libc_nano.a(lib_a-reent.o)
hi2c1               0x54              Application\User\main.o
hUsbHostFS          0x3c8             Application\User\usb_host.o
uwTick              0x4               Drivers\STM32F4xx_HAL_Driver\stm32f4xx_hal.o
pFlash              0x20              Drivers\STM32F4xx_HAL_Driver\stm32f4xx_hal_flash.o
hspi1               0x58              Application\User\main.o
hhcd_USB_OTG_FS     0x298             Application\User\usbh_conf.o
hi2s3               0x48              Application\User\main.o

Discarded input sections

[...]
Memory Configuration

Name             Origin             Length             Attributes
*default*        0x00000000         0xffffffff

Linker script and memory map

LOAD c:/program files (x86)/atollic/truestudio for stm32 9.0.0/armtools/bin/../lib/gcc/arm-atollic-eabi/6.3.1/armv7e-m/fpu/crti.o
LOAD c:/program files (x86)/atollic/truestudio for stm32 9.0.0/armtools/bin/../lib/gcc/arm-atollic-eabi/6.3.1/armv7e-m/fpu/crtbegin.o
LOAD Application\User\main.o
LOAD Application\User\stm32f4xx_hal_msp.o
LOAD Application\User\stm32f4xx_it.o
LOAD Application\User\usb_host.o
LOAD Application\User\usbh_conf.o
LOAD Application\User\usbh_platform.o
LOAD Drivers\CMSIS\system_stm32f4xx.o
LOAD Drivers\STM32F4xx_HAL_Driver\stm32f4xx_hal.o
LOAD Drivers\STM32F4xx_HAL_Driver\stm32f4xx_hal_cortex.o
LOAD Drivers\STM32F4xx_HAL_Driver\stm32f4xx_hal_dma.o
LOAD Drivers\STM32F4xx_HAL_Driver\stm32f4xx_hal_dma_ex.o
LOAD Drivers\STM32F4xx_HAL_Driver\stm32f4xx_hal_flash.o
LOAD Drivers\STM32F4xx_HAL_Driver\stm32f4xx_hal_flash_ex.o
LOAD Drivers\STM32F4xx_HAL_Driver\stm32f4xx_hal_flash_ramfunc.o
LOAD Drivers\STM32F4xx_HAL_Driver\stm32f4xx_hal_gpio.o
LOAD Drivers\STM32F4xx_HAL_Driver\stm32f4xx_hal_hcd.o
LOAD Drivers\STM32F4xx_HAL_Driver\stm32f4xx_hal_i2c.o
LOAD Drivers\STM32F4xx_HAL_Driver\stm32f4xx_hal_i2c_ex.o
LOAD Drivers\STM32F4xx_HAL_Driver\stm32f4xx_hal_i2s.o
LOAD Drivers\STM32F4xx_HAL_Driver\stm32f4xx_hal_i2s_ex.o
LOAD Drivers\STM32F4xx_HAL_Driver\stm32f4xx_hal_pwr.o
LOAD Drivers\STM32F4xx_HAL_Driver\stm32f4xx_hal_pwr_ex.o
LOAD Drivers\STM32F4xx_HAL_Driver\stm32f4xx_hal_rcc.o
LOAD Drivers\STM32F4xx_HAL_Driver\stm32f4xx_hal_rcc_ex.o
LOAD Drivers\STM32F4xx_HAL_Driver\stm32f4xx_hal_spi.o
LOAD Drivers\STM32F4xx_HAL_Driver\stm32f4xx_hal_tim.o
LOAD Drivers\STM32F4xx_HAL_Driver\stm32f4xx_hal_tim_ex.o
LOAD Drivers\STM32F4xx_HAL_Driver\stm32f4xx_ll_usb.o
LOAD Middlewares\USB_Host_Library\usbh_cdc.o
LOAD Middlewares\USB_Host_Library\usbh_core.o
LOAD Middlewares\USB_Host_Library\usbh_ctlreq.o
LOAD Middlewares\USB_Host_Library\usbh_ioreq.o
LOAD Middlewares\USB_Host_Library\usbh_pipes.o
LOAD startup_stm32f407xx.o
                0x00001000                malloc_getpagesize_P = 0x1000
START GROUP
LOAD c:/program files (x86)/atollic/truestudio for stm32 9.0.0/armtools/bin/../lib/gcc/arm-atollic-eabi/6.3.1/../../../../arm-atollic-eabi/lib/armv7e-m/fpu\libstdc++_nano.a
LOAD c:/program files (x86)/atollic/truestudio for stm32 9.0.0/armtools/bin/../lib/gcc/arm-atollic-eabi/6.3.1/../../../../arm-atollic-eabi/lib/armv7e-m/fpu\libsupc++_nano.a
END GROUP
LOAD c:/program files (x86)/atollic/truestudio for stm32 9.0.0/armtools/bin/../lib/gcc/arm-atollic-eabi/6.3.1/../../../../arm-atollic-eabi/lib/armv7e-m/fpu\libstdc++_nano.a
LOAD c:/program files (x86)/atollic/truestudio for stm32 9.0.0/armtools/bin/../lib/gcc/arm-atollic-eabi/6.3.1/../../../../arm-atollic-eabi/lib/armv7e-m/fpu\libm.a
LOAD c:/program files (x86)/atollic/truestudio for stm32 9.0.0/armtools/bin/../lib/gcc/arm-atollic-eabi/6.3.1/../../../../arm-atollic-eabi/lib/armv7e-m/fpu\libc_nano.a
START GROUP
LOAD c:/program files (x86)/atollic/truestudio for stm32 9.0.0/armtools/bin/../lib/gcc/arm-atollic-eabi/6.3.1/armv7e-m/fpu\libgcc.a
LOAD c:/program files (x86)/atollic/truestudio for stm32 9.0.0/armtools/bin/../lib/gcc/arm-atollic-eabi/6.3.1/../../../../arm-atollic-eabi/lib/armv7e-m/fpu\libc_nano.a
END GROUP
START GROUP
LOAD c:/program files (x86)/atollic/truestudio for stm32 9.0.0/armtools/bin/../lib/gcc/arm-atollic-eabi/6.3.1/armv7e-m/fpu\libgcc.a
LOAD c:/program files (x86)/atollic/truestudio for stm32 9.0.0/armtools/bin/../lib/gcc/arm-atollic-eabi/6.3.1/../../../../arm-atollic-eabi/lib/armv7e-m/fpu\libc_nano.a
LOAD c:/program files (x86)/atollic/truestudio for stm32 9.0.0/armtools/bin/../lib/gcc/arm-atollic-eabi/6.3.1/../../../../arm-atollic-eabi/lib/armv7e-m/fpu\libnosys.a
END GROUP
START GROUP
LOAD c:/program files (x86)/atollic/truestudio for stm32 9.0.0/armtools/bin/../lib/gcc/arm-atollic-eabi/6.3.1/armv7e-m/fpu\libgcc.a
LOAD c:/program files (x86)/atollic/truestudio for stm32 9.0.0/armtools/bin/../lib/gcc/arm-atollic-eabi/6.3.1/../../../../arm-atollic-eabi/lib/armv7e-m/fpu\libc_nano.a
LOAD c:/program files (x86)/atollic/truestudio for stm32 9.0.0/armtools/bin/../lib/gcc/arm-atollic-eabi/6.3.1/../../../../arm-atollic-eabi/lib/armv7e-m/fpu\libnosys.a
END GROUP
LOAD c:/program files (x86)/atollic/truestudio for stm32 9.0.0/armtools/bin/../lib/gcc/arm-atollic-eabi/6.3.1/armv7e-m/fpu/crtend.o
LOAD c:/program files (x86)/atollic/truestudio for stm32 9.0.0/armtools/bin/../lib/gcc/arm-atollic-eabi/6.3.1/armv7e-m/fpu/crtn.o
                [!provide]                PROVIDE (__executable_start, SEGMENT_START ("text-segment", 0x8000))
                0x00008000                . = SEGMENT_START ("text-segment", 0x8000)

.interp
 *(.interp)

.note.gnu.build-id
 *(.note.gnu.build-id)

.hash
 *(.hash)

.gnu.hash
 *(.gnu.hash)

.dynsym
 *(.dynsym)

.dynstr
 *(.dynstr)

.gnu.version
 *(.gnu.version)

.gnu.version_d
 *(.gnu.version_d)

.gnu.version_r
 *(.gnu.version_r)

.rel.dyn        0x00008000        0x0
 *(.rel.init)
 *(.rel.text .rel.text.* .rel.gnu.linkonce.t.*)
 *(.rel.fini)
 *(.rel.rodata .rel.rodata.* .rel.gnu.linkonce.r.*)
 *(.rel.data.rel.ro .rel.data.rel.ro.* .rel.gnu.linkonce.d.rel.ro.*)
 *(.rel.data .rel.data.* .rel.gnu.linkonce.d.*)
 *(.rel.tdata .rel.tdata.* .rel.gnu.linkonce.td.*)
 *(.rel.tbss .rel.tbss.* .rel.gnu.linkonce.tb.*)
 *(.rel.ctors)
 *(.rel.dtors)
 *(.rel.got)
 *(.rel.bss .rel.bss.* .rel.gnu.linkonce.b.*)
                [!provide]                PROVIDE (__rel_iplt_start, .)
 *(.rel.iplt)
 .rel.iplt      0x00008000        0x0 c:/program files (x86)/atollic/truestudio for stm32 9.0.0/armtools/bin/../lib/gcc/arm-atollic-eabi/6.3.1/armv7e-m/fpu/crtbegin.o
                [!provide]                PROVIDE (__rel_iplt_end, .)

.rela.dyn       0x00008000        0x0
 *(.rela.init)
 *(.rela.text .rela.text.* .rela.gnu.linkonce.t.*)
 *(.rela.fini)
 *(.rela.rodata .rela.rodata.* .rela.gnu.linkonce.r.*)
 *(.rela.data .rela.data.* .rela.gnu.linkonce.d.*)
 *(.rela.tdata .rela.tdata.* .rela.gnu.linkonce.td.*)
 *(.rela.tbss .rela.tbss.* .rela.gnu.linkonce.tb.*)
 *(.rela.ctors)
 *(.rela.dtors)
 *(.rela.got)
 *(.rela.bss .rela.bss.* .rela.gnu.linkonce.b.*)
                [!provide]                PROVIDE (__rela_iplt_start, .)
 *(.rela.iplt)
                [!provide]                PROVIDE (__rela_iplt_end, .)

.rel.plt
 *(.rel.plt)

.rela.plt
 *(.rela.plt)

.init           0x00008000        0xc
 *(SORT(.init))
 .init          0x00008000        0x4 c:/program files (x86)/atollic/truestudio for stm32 9.0.0/armtools/bin/../lib/gcc/arm-atollic-eabi/6.3.1/armv7e-m/fpu/crti.o
                0x00008000                _init
 .init          0x00008004        0x8 c:/program files (x86)/atollic/truestudio for stm32 9.0.0/armtools/bin/../lib/gcc/arm-atollic-eabi/6.3.1/armv7e-m/fpu/crtn.o

.plt
 *(.plt)

.iplt           0x0000800c        0x0
 *(.iplt)
 .iplt          0x0000800c        0x0 c:/program files (x86)/atollic/truestudio for stm32 9.0.0/armtools/bin/../lib/gcc/arm-atollic-eabi/6.3.1/armv7e-m/fpu/crtbegin.o

.text           0x0000800c       0x40
 *(.text.unlikely .text.*_unlikely .text.unlikely.*)
 *(.text.exit .text.exit.*)
 *(.text.startup .text.startup.*)
 *(.text.hot .text.hot.*)
 *(.text .stub .text.* .gnu.linkonce.t.*)
 .text          0x0000800c       0x40 c:/program files (x86)/atollic/truestudio for stm32 9.0.0/armtools/bin/../lib/gcc/arm-atollic-eabi/6.3.1/armv7e-m/fpu/crtbegin.o
 *(.gnu.warning)
 *(.glue_7t)
 .glue_7t       0x0000804c        0x0 linker stubs
 *(.glue_7)
 .glue_7        0x0000804c        0x0 linker stubs
 *(.vfp11_veneer)
 .vfp11_veneer  0x0000804c        0x0 linker stubs
 *(.v4_bx)
 .v4_bx         0x0000804c        0x0 linker stubs

.fini           0x0000804c        0xc
 *(SORT(.fini))
 .fini          0x0000804c        0x4 c:/program files (x86)/atollic/truestudio for stm32 9.0.0/armtools/bin/../lib/gcc/arm-atollic-eabi/6.3.1/armv7e-m/fpu/crti.o
                0x0000804c                _fini
 .fini          0x00008050        0x8 c:/program files (x86)/atollic/truestudio for stm32 9.0.0/armtools/bin/../lib/gcc/arm-atollic-eabi/6.3.1/armv7e-m/fpu/crtn.o
                [!provide]                PROVIDE (__etext, .)
                [!provide]                PROVIDE (_etext, .)
                [!provide]                PROVIDE (etext, .)

.rodata
 *(.rodata .rodata.* .gnu.linkonce.r.*)

.rodata1
 *(.rodata1)

.ARM.extab
 *(.ARM.extab* .gnu.linkonce.armextab.*)
                [!provide]                PROVIDE (__exidx_start, .)

.ARM.exidx
 *(.ARM.exidx* .gnu.linkonce.armexidx.*)
                [!provide]                PROVIDE (__exidx_end, .)

.eh_frame_hdr
 *(.eh_frame_hdr)
 *(.eh_frame_entry .eh_frame_entry.*)

.eh_frame       0x00008058        0x4
 *(.eh_frame)
 .eh_frame      0x00008058        0x0 c:/program files (x86)/atollic/truestudio for stm32 9.0.0/armtools/bin/../lib/gcc/arm-atollic-eabi/6.3.1/armv7e-m/fpu/crtbegin.o
 .eh_frame      0x00008058        0x4 c:/program files (x86)/atollic/truestudio for stm32 9.0.0/armtools/bin/../lib/gcc/arm-atollic-eabi/6.3.1/armv7e-m/fpu/crtend.o
 *(.eh_frame.*)

.gcc_except_table
 *(.gcc_except_table .gcc_except_table.*)

.gnu_extab
 *(.gnu_extab*)

.exception_ranges
 *(.exception_ranges .exception_ranges*)
                0x0001805c                . = (ALIGN (CONSTANT (MAXPAGESIZE)) + (. & (CONSTANT (MAXPAGESIZE) - 0x1)))

.eh_frame
 *(.eh_frame)
 *(.eh_frame.*)

.gnu_extab
 *(.gnu_extab)

.gcc_except_table
 *(.gcc_except_table .gcc_except_table.*)

.exception_ranges
 *(.exception_ranges .exception_ranges*)

.tdata
 *(.tdata .tdata.* .gnu.linkonce.td.*)

.tbss
 *(.tbss .tbss.* .gnu.linkonce.tb.*)
 *(.tcommon)

.preinit_array  0x0001805c        0x0
                [!provide]                PROVIDE (__preinit_array_start, .)
 *(.preinit_array)
                [!provide]                PROVIDE (__preinit_array_end, .)

.init_array     0x0001805c        0x4
                [!provide]                PROVIDE (__init_array_start, .)
 *(SORT(.init_array.*) SORT(.ctors.*))
 *(.init_array EXCLUDE_FILE(*crtend?.o *crtend.o *crtbegin?.o *crtbegin.o) .ctors)
 .init_array    0x0001805c        0x4 c:/program files (x86)/atollic/truestudio for stm32 9.0.0/armtools/bin/../lib/gcc/arm-atollic-eabi/6.3.1/armv7e-m/fpu/crtbegin.o
                [!provide]                PROVIDE (__init_array_end, .)

.fini_array     0x00018060        0x4
                [!provide]                PROVIDE (__fini_array_start, .)
 *(SORT(.fini_array.*) SORT(.dtors.*))
 *(.fini_array EXCLUDE_FILE(*crtend?.o *crtend.o *crtbegin?.o *crtbegin.o) .dtors)
 .fini_array    0x00018060        0x4 c:/program files (x86)/atollic/truestudio for stm32 9.0.0/armtools/bin/../lib/gcc/arm-atollic-eabi/6.3.1/armv7e-m/fpu/crtbegin.o
                [!provide]                PROVIDE (__fini_array_end, .)

.ctors
 *crtbegin.o(.ctors)
 *crtbegin?.o(.ctors)
 *(EXCLUDE_FILE(*crtend?.o *crtend.o) .ctors)
 *(SORT(.ctors.*))
 *(.ctors)

.dtors
 *crtbegin.o(.dtors)
 *crtbegin?.o(.dtors)
 *(EXCLUDE_FILE(*crtend?.o *crtend.o) .dtors)
 *(SORT(.dtors.*))
 *(.dtors)

.jcr
 *(.jcr)

.data.rel.ro
 *(.data.rel.ro.local* .gnu.linkonce.d.rel.ro.local.*)
 *(.data.rel.ro .data.rel.ro.* .gnu.linkonce.d.rel.ro.*)

.dynamic
 *(.dynamic)

.got            0x00018064        0x0
 *(.got.plt)
 *(.igot.plt)
 .igot.plt      0x00018064        0x0 c:/program files (x86)/atollic/truestudio for stm32 9.0.0/armtools/bin/../lib/gcc/arm-atollic-eabi/6.3.1/armv7e-m/fpu/crtbegin.o
 *(.got)
 *(.igot)

.data           0x00018064        0x0
                0x00018064                __data_start = .
 *(.data .data.* .gnu.linkonce.d.*)

.data1
 *(.data1)
                0x00018064                _edata = .
                [!provide]                PROVIDE (edata, .)
                0x00018064                . = .
                0x00018064                __bss_start = .
                0x00018064                __bss_start__ = .

.bss            0x00018064       0x1c
 *(.dynbss)
 *(.bss .bss.* .gnu.linkonce.b.*)
 .bss           0x00018064       0x1c c:/program files (x86)/atollic/truestudio for stm32 9.0.0/armtools/bin/../lib/gcc/arm-atollic-eabi/6.3.1/armv7e-m/fpu/crtbegin.o
 *(COMMON)
                0x00018080                . = ALIGN ((. != 0x0)?0x4:0x1)
                0x00018080                _bss_end__ = .
                0x00018080                __bss_end__ = .
                0x00018080                . = ALIGN (0x4)
                0x00018080                . = SEGMENT_START ("ldata-segment", .)
                0x00018080                . = ALIGN (0x4)
                0x00018080                __end__ = .
                0x00018080                _end = .
                0x00018080                PROVIDE (end, .)

.stab
 *(.stab)

.stabstr
 *(.stabstr)

.stab.excl
 *(.stab.excl)

.stab.exclstr
 *(.stab.exclstr)

.stab.index
 *(.stab.index)

.stab.indexstr
 *(.stab.indexstr)

.comment        0x00000000       0x7c
 *(.comment)
 .comment       0x00000000       0x7c Application\User\main.o
                                 0x7d (size before relaxing)
 .comment       0x0000007c       0x7d Application\User\stm32f4xx_hal_msp.o
 .comment       0x0000007c       0x7d Application\User\stm32f4xx_it.o
 .comment       0x0000007c       0x7d Application\User\usb_host.o
 .comment       0x0000007c       0x7d Application\User\usbh_conf.o
 .comment       0x0000007c       0x7d Application\User\usbh_platform.o
 .comment       0x0000007c       0x7d Drivers\CMSIS\system_stm32f4xx.o
 .comment       0x0000007c       0x7d Drivers\STM32F4xx_HAL_Driver\stm32f4xx_hal.o
 .comment       0x0000007c       0x7d Drivers\STM32F4xx_HAL_Driver\stm32f4xx_hal_cortex.o
 .comment       0x0000007c       0x7d Drivers\STM32F4xx_HAL_Driver\stm32f4xx_hal_dma.o
 .comment       0x0000007c       0x7d Drivers\STM32F4xx_HAL_Driver\stm32f4xx_hal_dma_ex.o
 .comment       0x0000007c       0x7d Drivers\STM32F4xx_HAL_Driver\stm32f4xx_hal_flash.o
 .comment       0x0000007c       0x7d Drivers\STM32F4xx_HAL_Driver\stm32f4xx_hal_flash_ex.o
 .comment       0x0000007c       0x7d Drivers\STM32F4xx_HAL_Driver\stm32f4xx_hal_flash_ramfunc.o
 .comment       0x0000007c       0x7d Drivers\STM32F4xx_HAL_Driver\stm32f4xx_hal_gpio.o
 .comment       0x0000007c       0x7d Drivers\STM32F4xx_HAL_Driver\stm32f4xx_hal_hcd.o
 .comment       0x0000007c       0x7d Drivers\STM32F4xx_HAL_Driver\stm32f4xx_hal_i2c.o
 .comment       0x0000007c       0x7d Drivers\STM32F4xx_HAL_Driver\stm32f4xx_hal_i2c_ex.o
 .comment       0x0000007c       0x7d Drivers\STM32F4xx_HAL_Driver\stm32f4xx_hal_i2s.o
 .comment       0x0000007c       0x7d Drivers\STM32F4xx_HAL_Driver\stm32f4xx_hal_i2s_ex.o
 .comment       0x0000007c       0x7d Drivers\STM32F4xx_HAL_Driver\stm32f4xx_hal_pwr.o
 .comment       0x0000007c       0x7d Drivers\STM32F4xx_HAL_Driver\stm32f4xx_hal_pwr_ex.o
 .comment       0x0000007c       0x7d Drivers\STM32F4xx_HAL_Driver\stm32f4xx_hal_rcc.o
 .comment       0x0000007c       0x7d Drivers\STM32F4xx_HAL_Driver\stm32f4xx_hal_rcc_ex.o
 .comment       0x0000007c       0x7d Drivers\STM32F4xx_HAL_Driver\stm32f4xx_hal_spi.o
 .comment       0x0000007c       0x7d Drivers\STM32F4xx_HAL_Driver\stm32f4xx_hal_tim.o
 .comment       0x0000007c       0x7d Drivers\STM32F4xx_HAL_Driver\stm32f4xx_hal_tim_ex.o
 .comment       0x0000007c       0x7d Drivers\STM32F4xx_HAL_Driver\stm32f4xx_ll_usb.o
 .comment       0x0000007c       0x7d Middlewares\USB_Host_Library\usbh_cdc.o
 .comment       0x0000007c       0x7d Middlewares\USB_Host_Library\usbh_core.o
 .comment       0x0000007c       0x7d Middlewares\USB_Host_Library\usbh_ctlreq.o
 .comment       0x0000007c       0x7d Middlewares\USB_Host_Library\usbh_ioreq.o
 .comment       0x0000007c       0x7d Middlewares\USB_Host_Library\usbh_pipes.o

.debug
 *(.debug)

.line
 *(.line)

.debug_srcinfo
 *(.debug_srcinfo)

.debug_sfnames
 *(.debug_sfnames)

.debug_aranges  0x00000000      0xfe0
 *(.debug_aranges)
 .debug_aranges
                0x00000000       0x50 Application\User\main.o
 .debug_aranges
                0x00000050       0x50 Application\User\stm32f4xx_hal_msp.o
 .debug_aranges
                0x000000a0       0x28 Application\User\stm32f4xx_it.o
 .debug_aranges
                0x000000c8       0x30 Application\User\usb_host.o
 .debug_aranges
                0x000000f8       0xc0 Application\User\usbh_conf.o
 .debug_aranges
                0x000001b8       0x20 Application\User\usbh_platform.o
 .debug_aranges
                0x000001d8       0x28 Drivers\CMSIS\system_stm32f4xx.o
 .debug_aranges
                0x00000200       0xd8 Drivers\STM32F4xx_HAL_Driver\stm32f4xx_hal.o
 .debug_aranges
                0x000002d8       0xa8 Drivers\STM32F4xx_HAL_Driver\stm32f4xx_hal_cortex.o
 .debug_aranges
                0x00000380       0x80 Drivers\STM32F4xx_HAL_Driver\stm32f4xx_hal_dma.o
 .debug_aranges
                0x00000400       0x30 Drivers\STM32F4xx_HAL_Driver\stm32f4xx_hal_dma_ex.o
 .debug_aranges
                0x00000430       0x90 Drivers\STM32F4xx_HAL_Driver\stm32f4xx_hal_flash.o
 .debug_aranges
                0x000004c0       0x50 Drivers\STM32F4xx_HAL_Driver\stm32f4xx_hal_flash_ex.o
 .debug_aranges
                0x00000510       0x18 Drivers\STM32F4xx_HAL_Driver\stm32f4xx_hal_flash_ramfunc.o
 .debug_aranges
                0x00000528       0x58 Drivers\STM32F4xx_HAL_Driver\stm32f4xx_hal_gpio.o
 .debug_aranges
                0x00000580       0xa0 Drivers\STM32F4xx_HAL_Driver\stm32f4xx_hal_hcd.o
 .debug_aranges
                0x00000620      0x190 Drivers\STM32F4xx_HAL_Driver\stm32f4xx_hal_i2c.o
 .debug_aranges
                0x000007b0       0x18 Drivers\STM32F4xx_HAL_Driver\stm32f4xx_hal_i2c_ex.o
 .debug_aranges
                0x000007c8       0xc8 Drivers\STM32F4xx_HAL_Driver\stm32f4xx_hal_i2s.o
 .debug_aranges
                0x00000890       0x60 Drivers\STM32F4xx_HAL_Driver\stm32f4xx_hal_i2s_ex.o
 .debug_aranges
                0x000008f0       0xa0 Drivers\STM32F4xx_HAL_Driver\stm32f4xx_hal_pwr.o
 .debug_aranges
                0x00000990       0x48 Drivers\STM32F4xx_HAL_Driver\stm32f4xx_hal_pwr_ex.o
 .debug_aranges
                0x000009d8       0x88 Drivers\STM32F4xx_HAL_Driver\stm32f4xx_hal_rcc.o
 .debug_aranges
                0x00000a60       0x48 Drivers\STM32F4xx_HAL_Driver\stm32f4xx_hal_rcc_ex.o
 .debug_aranges
                0x00000aa8      0x180 Drivers\STM32F4xx_HAL_Driver\stm32f4xx_hal_spi.o
 .debug_aranges
                0x00000c28       0x18 Drivers\STM32F4xx_HAL_Driver\stm32f4xx_hal_tim.o
 .debug_aranges
                0x00000c40       0x18 Drivers\STM32F4xx_HAL_Driver\stm32f4xx_hal_tim_ex.o
 .debug_aranges
                0x00000c58      0x178 Drivers\STM32F4xx_HAL_Driver\stm32f4xx_ll_usb.o
 .debug_aranges
                0x00000dd0       0x78 Middlewares\USB_Host_Library\usbh_cdc.o
 .debug_aranges
                0x00000e48       0x98 Middlewares\USB_Host_Library\usbh_core.o
 .debug_aranges
                0x00000ee0       0x68 Middlewares\USB_Host_Library\usbh_ctlreq.o
 .debug_aranges
                0x00000f48       0x60 Middlewares\USB_Host_Library\usbh_ioreq.o
 .debug_aranges
                0x00000fa8       0x38 Middlewares\USB_Host_Library\usbh_pipes.o

.debug_pubnames
 *(.debug_pubnames)

.debug_info     0x00000000    0x2b090
 *(.debug_info .gnu.linkonce.wi.*)
 .debug_info    0x00000000     0x2145 Application\User\main.o
 .debug_info    0x00002145     0x1a55 Application\User\stm32f4xx_hal_msp.o
 .debug_info    0x00003b9a      0xe23 Application\User\stm32f4xx_it.o
 .debug_info    0x000049bd     0x1256 Application\User\usb_host.o
 .debug_info    0x00005c13     0x23b3 Application\User\usbh_conf.o
 .debug_info    0x00007fc6      0xa65 Application\User\usbh_platform.o
 .debug_info    0x00008a2b      0xd1c Drivers\CMSIS\system_stm32f4xx.o
 .debug_info    0x00009747     0x11ec Drivers\STM32F4xx_HAL_Driver\stm32f4xx_hal.o
 .debug_info    0x0000a933     0x1744 Drivers\STM32F4xx_HAL_Driver\stm32f4xx_hal_cortex.o
 .debug_info    0x0000c077     0x125c Drivers\STM32F4xx_HAL_Driver\stm32f4xx_hal_dma.o
 .debug_info    0x0000d2d3      0xdee Drivers\STM32F4xx_HAL_Driver\stm32f4xx_hal_dma_ex.o
 .debug_info    0x0000e0c1      0xf5b Drivers\STM32F4xx_HAL_Driver\stm32f4xx_hal_flash.o
 .debug_info    0x0000f01c     0x10a1 Drivers\STM32F4xx_HAL_Driver\stm32f4xx_hal_flash_ex.o
 .debug_info    0x000100bd      0x927 Drivers\STM32F4xx_HAL_Driver\stm32f4xx_hal_flash_ramfunc.o
 .debug_info    0x000109e4      0xf88 Drivers\STM32F4xx_HAL_Driver\stm32f4xx_hal_gpio.o
 .debug_info    0x0001196c     0x1982 Drivers\STM32F4xx_HAL_Driver\stm32f4xx_hal_hcd.o
 .debug_info    0x000132ee     0x378c Drivers\STM32F4xx_HAL_Driver\stm32f4xx_hal_i2c.o
 .debug_info    0x00016a7a      0x927 Drivers\STM32F4xx_HAL_Driver\stm32f4xx_hal_i2c_ex.o
 .debug_info    0x000173a1     0x17ae Drivers\STM32F4xx_HAL_Driver\stm32f4xx_hal_i2s.o
 .debug_info    0x00018b4f     0x1599 Drivers\STM32F4xx_HAL_Driver\stm32f4xx_hal_i2s_ex.o
 .debug_info    0x0001a0e8      0xfe9 Drivers\STM32F4xx_HAL_Driver\stm32f4xx_hal_pwr.o
 .debug_info    0x0001b0d1      0xca4 Drivers\STM32F4xx_HAL_Driver\stm32f4xx_hal_pwr_ex.o
 .debug_info    0x0001bd75     0x1269 Drivers\STM32F4xx_HAL_Driver\stm32f4xx_hal_rcc.o
 .debug_info    0x0001cfde      0xe75 Drivers\STM32F4xx_HAL_Driver\stm32f4xx_hal_rcc_ex.o
 .debug_info    0x0001de53     0x23d2 Drivers\STM32F4xx_HAL_Driver\stm32f4xx_hal_spi.o
 .debug_info    0x00020225      0x927 Drivers\STM32F4xx_HAL_Driver\stm32f4xx_hal_tim.o
 .debug_info    0x00020b4c      0x927 Drivers\STM32F4xx_HAL_Driver\stm32f4xx_hal_tim_ex.o
 .debug_info    0x00021473     0x1f59 Drivers\STM32F4xx_HAL_Driver\stm32f4xx_ll_usb.o
 .debug_info    0x000233cc     0x1eb1 Middlewares\USB_Host_Library\usbh_cdc.o
 .debug_info    0x0002527d     0x1a1f Middlewares\USB_Host_Library\usbh_core.o
 .debug_info    0x00026c9c     0x1a8a Middlewares\USB_Host_Library\usbh_ctlreq.o
 .debug_info    0x00028726     0x1684 Middlewares\USB_Host_Library\usbh_ioreq.o
 .debug_info    0x00029daa     0x12e6 Middlewares\USB_Host_Library\usbh_pipes.o

.debug_abbrev   0x00000000     0x5c15
 *(.debug_abbrev)
 .debug_abbrev  0x00000000      0x338 Application\User\main.o
 .debug_abbrev  0x00000338      0x270 Application\User\stm32f4xx_hal_msp.o
 .debug_abbrev  0x000005a8      0x1f6 Application\User\stm32f4xx_it.o
 .debug_abbrev  0x0000079e      0x29b Application\User\usb_host.o
 .debug_abbrev  0x00000a39      0x392 Application\User\usbh_conf.o
 .debug_abbrev  0x00000dcb      0x1e8 Application\User\usbh_platform.o
 .debug_abbrev  0x00000fb3      0x1ca Drivers\CMSIS\system_stm32f4xx.o
 .debug_abbrev  0x0000117d      0x308 Drivers\STM32F4xx_HAL_Driver\stm32f4xx_hal.o
 .debug_abbrev  0x00001485      0x399 Drivers\STM32F4xx_HAL_Driver\stm32f4xx_hal_cortex.o
 .debug_abbrev  0x0000181e      0x34a Drivers\STM32F4xx_HAL_Driver\stm32f4xx_hal_dma.o
 .debug_abbrev  0x00001b68      0x258 Drivers\STM32F4xx_HAL_Driver\stm32f4xx_hal_dma_ex.o
 .debug_abbrev  0x00001dc0      0x372 Drivers\STM32F4xx_HAL_Driver\stm32f4xx_hal_flash.o
 .debug_abbrev  0x00002132      0x365 Drivers\STM32F4xx_HAL_Driver\stm32f4xx_hal_flash_ex.o
 .debug_abbrev  0x00002497      0x15c Drivers\STM32F4xx_HAL_Driver\stm32f4xx_hal_flash_ramfunc.o
 .debug_abbrev  0x000025f3      0x268 Drivers\STM32F4xx_HAL_Driver\stm32f4xx_hal_gpio.o
 .debug_abbrev  0x0000285b      0x38b Drivers\STM32F4xx_HAL_Driver\stm32f4xx_hal_hcd.o
 .debug_abbrev  0x00002be6      0x3b4 Drivers\STM32F4xx_HAL_Driver\stm32f4xx_hal_i2c.o
 .debug_abbrev  0x00002f9a      0x15c Drivers\STM32F4xx_HAL_Driver\stm32f4xx_hal_i2c_ex.o
 .debug_abbrev  0x000030f6      0x37b Drivers\STM32F4xx_HAL_Driver\stm32f4xx_hal_i2s.o
 .debug_abbrev  0x00003471      0x377 Drivers\STM32F4xx_HAL_Driver\stm32f4xx_hal_i2s_ex.o
 .debug_abbrev  0x000037e8      0x21f Drivers\STM32F4xx_HAL_Driver\stm32f4xx_hal_pwr.o
 .debug_abbrev  0x00003a07      0x22e Drivers\STM32F4xx_HAL_Driver\stm32f4xx_hal_pwr_ex.o
 .debug_abbrev  0x00003c35      0x353 Drivers\STM32F4xx_HAL_Driver\stm32f4xx_hal_rcc.o
 .debug_abbrev  0x00003f88      0x225 Drivers\STM32F4xx_HAL_Driver\stm32f4xx_hal_rcc_ex.o
 .debug_abbrev  0x000041ad      0x3ac Drivers\STM32F4xx_HAL_Driver\stm32f4xx_hal_spi.o
 .debug_abbrev  0x00004559      0x15c Drivers\STM32F4xx_HAL_Driver\stm32f4xx_hal_tim.o
 .debug_abbrev  0x000046b5      0x15c Drivers\STM32F4xx_HAL_Driver\stm32f4xx_hal_tim_ex.o
 .debug_abbrev  0x00004811      0x380 Drivers\STM32F4xx_HAL_Driver\stm32f4xx_ll_usb.o
 .debug_abbrev  0x00004b91      0x3ca Middlewares\USB_Host_Library\usbh_cdc.o
 .debug_abbrev  0x00004f5b      0x3ce Middlewares\USB_Host_Library\usbh_core.o
 .debug_abbrev  0x00005329      0x3b5 Middlewares\USB_Host_Library\usbh_ctlreq.o
 .debug_abbrev  0x000056de      0x271 Middlewares\USB_Host_Library\usbh_ioreq.o
 .debug_abbrev  0x0000594f      0x2c6 Middlewares\USB_Host_Library\usbh_pipes.o

.debug_line     0x00000000     0xb07f
 *(.debug_line .debug_line.* .debug_line_end)
 .debug_line    0x00000000      0x4cd Application\User\main.o
 .debug_line    0x000004cd      0x41e Application\User\stm32f4xx_hal_msp.o
 .debug_line    0x000008eb      0x2f1 Application\User\stm32f4xx_it.o
 .debug_line    0x00000bdc      0x389 Application\User\usb_host.o
 .debug_line    0x00000f65      0x59c Application\User\usbh_conf.o
 .debug_line    0x00001501      0x289 Application\User\usbh_platform.o
 .debug_line    0x0000178a      0x27e Drivers\CMSIS\system_stm32f4xx.o
 .debug_line    0x00001a08      0x49e Drivers\STM32F4xx_HAL_Driver\stm32f4xx_hal.o
 .debug_line    0x00001ea6      0x4e8 Drivers\STM32F4xx_HAL_Driver\stm32f4xx_hal_cortex.o
 .debug_line    0x0000238e      0x603 Drivers\STM32F4xx_HAL_Driver\stm32f4xx_hal_dma.o
 .debug_line    0x00002991      0x625 Drivers\STM32F4xx_HAL_Driver\stm32f4xx_hal_dma_ex.o
 .debug_line    0x00002fb6      0x4ec Drivers\STM32F4xx_HAL_Driver\stm32f4xx_hal_flash.o
 .debug_line    0x000034a2      0x4a2 Drivers\STM32F4xx_HAL_Driver\stm32f4xx_hal_flash_ex.o
 .debug_line    0x00003944      0x209 Drivers\STM32F4xx_HAL_Driver\stm32f4xx_hal_flash_ramfunc.o
 .debug_line    0x00003b4d      0x486 Drivers\STM32F4xx_HAL_Driver\stm32f4xx_hal_gpio.o
 .debug_line    0x00003fd3      0x654 Drivers\STM32F4xx_HAL_Driver\stm32f4xx_hal_hcd.o
 .debug_line    0x00004627     0x1893 Drivers\STM32F4xx_HAL_Driver\stm32f4xx_hal_i2c.o
 .debug_line    0x00005eba      0x209 Drivers\STM32F4xx_HAL_Driver\stm32f4xx_hal_i2c_ex.o
 .debug_line    0x000060c3      0x7ed Drivers\STM32F4xx_HAL_Driver\stm32f4xx_hal_i2s.o
 .debug_line    0x000068b0      0x69a Drivers\STM32F4xx_HAL_Driver\stm32f4xx_hal_i2s_ex.o
 .debug_line    0x00006f4a      0x412 Drivers\STM32F4xx_HAL_Driver\stm32f4xx_hal_pwr.o
 .debug_line    0x0000735c      0x340 Drivers\STM32F4xx_HAL_Driver\stm32f4xx_hal_pwr_ex.o
 .debug_line    0x0000769c      0x597 Drivers\STM32F4xx_HAL_Driver\stm32f4xx_hal_rcc.o
 .debug_line    0x00007c33      0x439 Drivers\STM32F4xx_HAL_Driver\stm32f4xx_hal_rcc_ex.o
 .debug_line    0x0000806c      0xbbe Drivers\STM32F4xx_HAL_Driver\stm32f4xx_hal_spi.o
 .debug_line    0x00008c2a      0x209 Drivers\STM32F4xx_HAL_Driver\stm32f4xx_hal_tim.o
 .debug_line    0x00008e33      0x209 Drivers\STM32F4xx_HAL_Driver\stm32f4xx_hal_tim_ex.o
 .debug_line    0x0000903c      0x8f7 Drivers\STM32F4xx_HAL_Driver\stm32f4xx_ll_usb.o
 .debug_line    0x00009933      0x598 Middlewares\USB_Host_Library\usbh_cdc.o
 .debug_line    0x00009ecb      0x54f Middlewares\USB_Host_Library\usbh_core.o
 .debug_line    0x0000a41a      0x50d Middlewares\USB_Host_Library\usbh_ctlreq.o
 .debug_line    0x0000a927      0x3e4 Middlewares\USB_Host_Library\usbh_ioreq.o
 .debug_line    0x0000ad0b      0x374 Middlewares\USB_Host_Library\usbh_pipes.o

.debug_frame    0x00000000     0x2cd0
 *(.debug_frame)
 .debug_frame   0x00000000       0xdc Application\User\main.o
 .debug_frame   0x000000dc       0xe8 Application\User\stm32f4xx_hal_msp.o
 .debug_frame   0x000001c4       0x3c Application\User\stm32f4xx_it.o
 .debug_frame   0x00000200       0x4c Application\User\usb_host.o
 .debug_frame   0x0000024c      0x1d8 Application\User\usbh_conf.o
 .debug_frame   0x00000424       0x20 Application\User\usbh_platform.o
 .debug_frame   0x00000444       0x38 Drivers\CMSIS\system_stm32f4xx.o
 .debug_frame   0x0000047c      0x1d0 Drivers\STM32F4xx_HAL_Driver\stm32f4xx_hal.o
 .debug_frame   0x0000064c      0x158 Drivers\STM32F4xx_HAL_Driver\stm32f4xx_hal_cortex.o
 .debug_frame   0x000007a4      0x150 Drivers\STM32F4xx_HAL_Driver\stm32f4xx_hal_dma.o
 .debug_frame   0x000008f4       0x58 Drivers\STM32F4xx_HAL_Driver\stm32f4xx_hal_dma_ex.o
 .debug_frame   0x0000094c      0x154 Drivers\STM32F4xx_HAL_Driver\stm32f4xx_hal_flash.o
 .debug_frame   0x00000aa0       0xa8 Drivers\STM32F4xx_HAL_Driver\stm32f4xx_hal_flash_ex.o
 .debug_frame   0x00000b48       0xd8 Drivers\STM32F4xx_HAL_Driver\stm32f4xx_hal_gpio.o
 .debug_frame   0x00000c20      0x1f0 Drivers\STM32F4xx_HAL_Driver\stm32f4xx_hal_hcd.o
 .debug_frame   0x00000e10      0x684 Drivers\STM32F4xx_HAL_Driver\stm32f4xx_hal_i2c.o
 .debug_frame   0x00001494      0x278 Drivers\STM32F4xx_HAL_Driver\stm32f4xx_hal_i2s.o
 .debug_frame   0x0000170c      0x128 Drivers\STM32F4xx_HAL_Driver\stm32f4xx_hal_i2s_ex.o
 .debug_frame   0x00001834      0x128 Drivers\STM32F4xx_HAL_Driver\stm32f4xx_hal_pwr.o
 .debug_frame   0x0000195c       0x98 Drivers\STM32F4xx_HAL_Driver\stm32f4xx_hal_pwr_ex.o
 .debug_frame   0x000019f4      0x13c Drivers\STM32F4xx_HAL_Driver\stm32f4xx_hal_rcc.o
 .debug_frame   0x00001b30       0xac Drivers\STM32F4xx_HAL_Driver\stm32f4xx_hal_rcc_ex.o
 .debug_frame   0x00001bdc      0x560 Drivers\STM32F4xx_HAL_Driver\stm32f4xx_hal_spi.o
 .debug_frame   0x0000213c      0x468 Drivers\STM32F4xx_HAL_Driver\stm32f4xx_ll_usb.o
 .debug_frame   0x000025a4      0x148 Middlewares\USB_Host_Library\usbh_cdc.o
 .debug_frame   0x000026ec      0x16c Middlewares\USB_Host_Library\usbh_core.o
 .debug_frame   0x00002858      0x10c Middlewares\USB_Host_Library\usbh_ctlreq.o
 .debug_frame   0x00002964      0x130 Middlewares\USB_Host_Library\usbh_ioreq.o
 .debug_frame   0x00002a94       0x70 Middlewares\USB_Host_Library\usbh_pipes.o
 .debug_frame   0x00002b04       0x30 c:/program files (x86)/atollic/truestudio for stm32 9.0.0/armtools/bin/../lib/gcc/arm-atollic-eabi/6.3.1/../../../../arm-atollic-eabi/lib/armv7e-m/fpu\libc_nano.a(lib_a-malloc.o)
 .debug_frame   0x00002b34       0x38 c:/program files (x86)/atollic/truestudio for stm32 9.0.0/armtools/bin/../lib/gcc/arm-atollic-eabi/6.3.1/../../../../arm-atollic-eabi/lib/armv7e-m/fpu\libc_nano.a(lib_a-nano-freer.o)
 .debug_frame   0x00002b6c       0x2c c:/program files (x86)/atollic/truestudio for stm32 9.0.0/armtools/bin/../lib/gcc/arm-atollic-eabi/6.3.1/../../../../arm-atollic-eabi/lib/armv7e-m/fpu\libc_nano.a(lib_a-nano-mallocr.o)
 .debug_frame   0x00002b98       0x2c c:/program files (x86)/atollic/truestudio for stm32 9.0.0/armtools/bin/../lib/gcc/arm-atollic-eabi/6.3.1/../../../../arm-atollic-eabi/lib/armv7e-m/fpu\libc_nano.a(lib_a-sbrkr.o)
 .debug_frame   0x00002bc4       0x30 c:/program files (x86)/atollic/truestudio for stm32 9.0.0/armtools/bin/../lib/gcc/arm-atollic-eabi/6.3.1/../../../../arm-atollic-eabi/lib/armv7e-m/fpu\libc_nano.a(lib_a-mlock.o)
 .debug_frame   0x00002bf4       0x5c c:/program files (x86)/atollic/truestudio for stm32 9.0.0/armtools/bin/../lib/gcc/arm-atollic-eabi/6.3.1/../../../../arm-atollic-eabi/lib/armv7e-m/fpu\libc_nano.a(lib_a-reent.o)
 .debug_frame   0x00002c50       0x2c c:/program files (x86)/atollic/truestudio for stm32 9.0.0/armtools/bin/../lib/gcc/arm-atollic-eabi/6.3.1/armv7e-m/fpu\libgcc.a(_aeabi_uldivmod.o)
 .debug_frame   0x00002c7c       0x34 c:/program files (x86)/atollic/truestudio for stm32 9.0.0/armtools/bin/../lib/gcc/arm-atollic-eabi/6.3.1/armv7e-m/fpu\libgcc.a(_udivmoddi4.o)
 .debug_frame   0x00002cb0       0x20 c:/program files (x86)/atollic/truestudio for stm32 9.0.0/armtools/bin/../lib/gcc/arm-atollic-eabi/6.3.1/../../../../arm-atollic-eabi/lib/armv7e-m/fpu\libnosys.a(sbrk.o)

.debug_str      0x00000000     0x6171
 *(.debug_str)
 .debug_str     0x00000000     0x1740 Application\User\main.o
                               0x1895 (size before relaxing)
 .debug_str     0x00001740       0xcc Application\User\stm32f4xx_hal_msp.o
                               0x1560 (size before relaxing)
 .debug_str     0x0000180c      0x3d9 Application\User\stm32f4xx_it.o
                                0xab0 (size before relaxing)
 .debug_str     0x00001be5      0x813 Application\User\usb_host.o
                                0xef8 (size before relaxing)
 .debug_str     0x000023f8      0x45f Application\User\usbh_conf.o
                               0x1d04 (size before relaxing)
 .debug_str     0x00002857       0x28 Application\User\usbh_platform.o
                                0x6ea (size before relaxing)
 .debug_str     0x0000287f       0xad Drivers\CMSIS\system_stm32f4xx.o
                                0x7dc (size before relaxing)
 .debug_str     0x0000292c      0x2e0 Drivers\STM32F4xx_HAL_Driver\stm32f4xx_hal.o
                                0xfcb (size before relaxing)
 .debug_str     0x00002c0c      0x318 Drivers\STM32F4xx_HAL_Driver\stm32f4xx_hal_cortex.o
                               0x10a2 (size before relaxing)
 .debug_str     0x00002f24      0x2fe Drivers\STM32F4xx_HAL_Driver\stm32f4xx_hal_dma.o
                                0xbfe (size before relaxing)
 .debug_str     0x00003222      0x107 Drivers\STM32F4xx_HAL_Driver\stm32f4xx_hal_dma_ex.o
                                0x9f3 (size before relaxing)
 .debug_str     0x00003329      0x2b6 Drivers\STM32F4xx_HAL_Driver\stm32f4xx_hal_flash.o
                                0x9dc (size before relaxing)
 .debug_str     0x000035df      0x223 Drivers\STM32F4xx_HAL_Driver\stm32f4xx_hal_flash_ex.o
                                0xa32 (size before relaxing)
 .debug_str     0x00003802       0x45 Drivers\STM32F4xx_HAL_Driver\stm32f4xx_hal_flash_ramfunc.o
                                0x678 (size before relaxing)
 .debug_str     0x00003847      0x11d Drivers\STM32F4xx_HAL_Driver\stm32f4xx_hal_gpio.o
                                0x978 (size before relaxing)
 .debug_str     0x00003964      0x2f0 Drivers\STM32F4xx_HAL_Driver\stm32f4xx_hal_hcd.o
                                0xf3c (size before relaxing)
 .debug_str     0x00003c54      0x79c Drivers\STM32F4xx_HAL_Driver\stm32f4xx_hal_i2c.o
                               0x13be (size before relaxing)
 .debug_str     0x000043f0       0x3e Drivers\STM32F4xx_HAL_Driver\stm32f4xx_hal_i2c_ex.o
                                0x671 (size before relaxing)
 .debug_str     0x0000442e      0x24b Drivers\STM32F4xx_HAL_Driver\stm32f4xx_hal_i2s.o
                                0xda8 (size before relaxing)
 .debug_str     0x00004679      0x1d4 Drivers\STM32F4xx_HAL_Driver\stm32f4xx_hal_i2s_ex.o
                                0xcdc (size before relaxing)
 .debug_str     0x0000484d      0x21b Drivers\STM32F4xx_HAL_Driver\stm32f4xx_hal_pwr.o
                                0x9e1 (size before relaxing)
 .debug_str     0x00004a68       0xe8 Drivers\STM32F4xx_HAL_Driver\stm32f4xx_hal_pwr_ex.o
                                0x89c (size before relaxing)
 .debug_str     0x00004b50      0x14c Drivers\STM32F4xx_HAL_Driver\stm32f4xx_hal_rcc.o
                                0xb4b (size before relaxing)
 .debug_str     0x00004c9c       0xe1 Drivers\STM32F4xx_HAL_Driver\stm32f4xx_hal_rcc_ex.o
                                0x944 (size before relaxing)
 .debug_str     0x00004d7d      0x469 Drivers\STM32F4xx_HAL_Driver\stm32f4xx_hal_spi.o
                               0x1002 (size before relaxing)
 .debug_str     0x000051e6       0x3b Drivers\STM32F4xx_HAL_Driver\stm32f4xx_hal_tim.o
                                0x66e (size before relaxing)
 .debug_str     0x00005221       0x3e Drivers\STM32F4xx_HAL_Driver\stm32f4xx_hal_tim_ex.o
                                0x671 (size before relaxing)
 .debug_str     0x0000525f      0x453 Drivers\STM32F4xx_HAL_Driver\stm32f4xx_ll_usb.o
                               0x1028 (size before relaxing)
 .debug_str     0x000056b2      0x68d Middlewares\USB_Host_Library\usbh_cdc.o
                               0x159e (size before relaxing)
 .debug_str     0x00005d3f      0x15f Middlewares\USB_Host_Library\usbh_core.o
                               0x10f3 (size before relaxing)
 .debug_str     0x00005e9e      0x1de Middlewares\USB_Host_Library\usbh_ctlreq.o
                               0x110d (size before relaxing)
 .debug_str     0x0000607c       0x9a Middlewares\USB_Host_Library\usbh_ioreq.o
                                0xf42 (size before relaxing)
 .debug_str     0x00006116       0x5b Middlewares\USB_Host_Library\usbh_pipes.o
                                0xed8 (size before relaxing)

.debug_loc      0x00000000     0xc330
 *(.debug_loc)
 .debug_loc     0x00000000      0x210 Application\User\main.o
 .debug_loc     0x00000210      0x119 Application\User\stm32f4xx_hal_msp.o
 .debug_loc     0x00000329      0x754 Application\User\usbh_conf.o
 .debug_loc     0x00000a7d       0x4c Application\User\usbh_platform.o
 .debug_loc     0x00000ac9      0x11c Drivers\CMSIS\system_stm32f4xx.o
 .debug_loc     0x00000be5      0x11b Drivers\STM32F4xx_HAL_Driver\stm32f4xx_hal.o
 .debug_loc     0x00000d00      0x4fb Drivers\STM32F4xx_HAL_Driver\stm32f4xx_hal_cortex.o
 .debug_loc     0x000011fb      0x727 Drivers\STM32F4xx_HAL_Driver\stm32f4xx_hal_dma.o
 .debug_loc     0x00001922      0x452 Drivers\STM32F4xx_HAL_Driver\stm32f4xx_hal_dma_ex.o
 .debug_loc     0x00001d74      0x2d9 Drivers\STM32F4xx_HAL_Driver\stm32f4xx_hal_flash.o
 .debug_loc     0x0000204d      0x3e5 Drivers\STM32F4xx_HAL_Driver\stm32f4xx_hal_flash_ex.o
 .debug_loc     0x00002432      0x3cd Drivers\STM32F4xx_HAL_Driver\stm32f4xx_hal_gpio.o
 .debug_loc     0x000027ff      0xa2e Drivers\STM32F4xx_HAL_Driver\stm32f4xx_hal_hcd.o
 .debug_loc     0x0000322d     0x2bba Drivers\STM32F4xx_HAL_Driver\stm32f4xx_hal_i2c.o
 .debug_loc     0x00005de7      0xb83 Drivers\STM32F4xx_HAL_Driver\stm32f4xx_hal_i2s.o
 .debug_loc     0x0000696a      0x7d2 Drivers\STM32F4xx_HAL_Driver\stm32f4xx_hal_i2s_ex.o
 .debug_loc     0x0000713c       0x84 Drivers\STM32F4xx_HAL_Driver\stm32f4xx_hal_pwr.o
 .debug_loc     0x000071c0       0x7e Drivers\STM32F4xx_HAL_Driver\stm32f4xx_hal_pwr_ex.o
 .debug_loc     0x0000723e      0x336 Drivers\STM32F4xx_HAL_Driver\stm32f4xx_hal_rcc.o
 .debug_loc     0x00007574      0x2cf Drivers\STM32F4xx_HAL_Driver\stm32f4xx_hal_rcc_ex.o
 .debug_loc     0x00007843     0x150f Drivers\STM32F4xx_HAL_Driver\stm32f4xx_hal_spi.o
 .debug_loc     0x00008d52     0x1632 Drivers\STM32F4xx_HAL_Driver\stm32f4xx_ll_usb.o
 .debug_loc     0x0000a384      0x6ca Middlewares\USB_Host_Library\usbh_cdc.o
 .debug_loc     0x0000aa4e      0x71c Middlewares\USB_Host_Library\usbh_core.o
 .debug_loc     0x0000b16a      0xaa5 Middlewares\USB_Host_Library\usbh_ctlreq.o
 .debug_loc     0x0000bc0f      0x57d Middlewares\USB_Host_Library\usbh_ioreq.o
 .debug_loc     0x0000c18c      0x1a4 Middlewares\USB_Host_Library\usbh_pipes.o

.debug_macinfo
 *(.debug_macinfo)

.debug_weaknames
 *(.debug_weaknames)

.debug_funcnames
 *(.debug_funcnames)

.debug_typenames
 *(.debug_typenames)

.debug_varnames
 *(.debug_varnames)

.debug_pubtypes
 *(.debug_pubtypes)

.debug_ranges   0x00000000     0x1598
 *(.debug_ranges)
 .debug_ranges  0x00000000       0xb0 Application\User\main.o
 .debug_ranges  0x000000b0       0xa0 Application\User\stm32f4xx_hal_msp.o
 .debug_ranges  0x00000150       0x18 Application\User\stm32f4xx_it.o
 .debug_ranges  0x00000168       0x20 Application\User\usb_host.o
 .debug_ranges  0x00000188       0xc8 Application\User\usbh_conf.o
 .debug_ranges  0x00000250       0x10 Application\User\usbh_platform.o
 .debug_ranges  0x00000260       0x18 Drivers\CMSIS\system_stm32f4xx.o
 .debug_ranges  0x00000278       0xc8 Drivers\STM32F4xx_HAL_Driver\stm32f4xx_hal.o
 .debug_ranges  0x00000340      0x138 Drivers\STM32F4xx_HAL_Driver\stm32f4xx_hal_cortex.o
 .debug_ranges  0x00000478       0xc8 Drivers\STM32F4xx_HAL_Driver\stm32f4xx_hal_dma.o
 .debug_ranges  0x00000540       0x50 Drivers\STM32F4xx_HAL_Driver\stm32f4xx_hal_dma_ex.o
 .debug_ranges  0x00000590       0xb0 Drivers\STM32F4xx_HAL_Driver\stm32f4xx_hal_flash.o
 .debug_ranges  0x00000640       0xd8 Drivers\STM32F4xx_HAL_Driver\stm32f4xx_hal_flash_ex.o
 .debug_ranges  0x00000718       0x68 Drivers\STM32F4xx_HAL_Driver\stm32f4xx_hal_gpio.o
 .debug_ranges  0x00000780      0x108 Drivers\STM32F4xx_HAL_Driver\stm32f4xx_hal_hcd.o
 .debug_ranges  0x00000888      0x358 Drivers\STM32F4xx_HAL_Driver\stm32f4xx_hal_i2c.o
 .debug_ranges  0x00000be0       0xe8 Drivers\STM32F4xx_HAL_Driver\stm32f4xx_hal_i2s.o
 .debug_ranges  0x00000cc8       0x80 Drivers\STM32F4xx_HAL_Driver\stm32f4xx_hal_i2s_ex.o
 .debug_ranges  0x00000d48       0x90 Drivers\STM32F4xx_HAL_Driver\stm32f4xx_hal_pwr.o
 .debug_ranges  0x00000dd8       0x68 Drivers\STM32F4xx_HAL_Driver\stm32f4xx_hal_pwr_ex.o
 .debug_ranges  0x00000e40       0xb0 Drivers\STM32F4xx_HAL_Driver\stm32f4xx_hal_rcc.o
 .debug_ranges  0x00000ef0       0x50 Drivers\STM32F4xx_HAL_Driver\stm32f4xx_hal_rcc_ex.o
 .debug_ranges  0x00000f40      0x1d0 Drivers\STM32F4xx_HAL_Driver\stm32f4xx_hal_spi.o
 .debug_ranges  0x00001110      0x180 Drivers\STM32F4xx_HAL_Driver\stm32f4xx_ll_usb.o
 .debug_ranges  0x00001290       0xc8 Middlewares\USB_Host_Library\usbh_cdc.o
 .debug_ranges  0x00001358       0x88 Middlewares\USB_Host_Library\usbh_core.o
 .debug_ranges  0x000013e0      0x120 Middlewares\USB_Host_Library\usbh_ctlreq.o
 .debug_ranges  0x00001500       0x50 Middlewares\USB_Host_Library\usbh_ioreq.o
 .debug_ranges  0x00001550       0x48 Middlewares\USB_Host_Library\usbh_pipes.o

.debug_macro
 *(.debug_macro)

.debug_addr
 *(.debug_addr)

.stack          0x00080000        0x0
                0x00080000                _stack = .
 *(.stack)

.ARM.attributes
                0x00000000       0x30
 *(.ARM.attributes)
 .ARM.attributes
                0x00000000       0x22 c:/program files (x86)/atollic/truestudio for stm32 9.0.0/armtools/bin/../lib/gcc/arm-atollic-eabi/6.3.1/armv7e-m/fpu/crti.o
 .ARM.attributes
                0x00000022       0x34 c:/program files (x86)/atollic/truestudio for stm32 9.0.0/armtools/bin/../lib/gcc/arm-atollic-eabi/6.3.1/armv7e-m/fpu/crtbegin.o
 .ARM.attributes
                0x00000056       0x39 Application\User\main.o
 .ARM.attributes
                0x0000008f       0x39 Application\User\stm32f4xx_hal_msp.o
 .ARM.attributes
                0x000000c8       0x39 Application\User\stm32f4xx_it.o
 .ARM.attributes
                0x00000101       0x39 Application\User\usb_host.o
 .ARM.attributes
                0x0000013a       0x39 Application\User\usbh_conf.o
 .ARM.attributes
                0x00000173       0x39 Application\User\usbh_platform.o
 .ARM.attributes
                0x000001ac       0x39 Drivers\CMSIS\system_stm32f4xx.o
 .ARM.attributes
                0x000001e5       0x39 Drivers\STM32F4xx_HAL_Driver\stm32f4xx_hal.o
 .ARM.attributes
                0x0000021e       0x39 Drivers\STM32F4xx_HAL_Driver\stm32f4xx_hal_cortex.o
 .ARM.attributes
                0x00000257       0x39 Drivers\STM32F4xx_HAL_Driver\stm32f4xx_hal_dma.o
 .ARM.attributes
                0x00000290       0x39 Drivers\STM32F4xx_HAL_Driver\stm32f4xx_hal_dma_ex.o
 .ARM.attributes
                0x000002c9       0x39 Drivers\STM32F4xx_HAL_Driver\stm32f4xx_hal_flash.o
 .ARM.attributes
                0x00000302       0x39 Drivers\STM32F4xx_HAL_Driver\stm32f4xx_hal_flash_ex.o
 .ARM.attributes
                0x0000033b       0x39 Drivers\STM32F4xx_HAL_Driver\stm32f4xx_hal_flash_ramfunc.o
 .ARM.attributes
                0x00000374       0x39 Drivers\STM32F4xx_HAL_Driver\stm32f4xx_hal_gpio.o
 .ARM.attributes
                0x000003ad       0x39 Drivers\STM32F4xx_HAL_Driver\stm32f4xx_hal_hcd.o
 .ARM.attributes
                0x000003e6       0x39 Drivers\STM32F4xx_HAL_Driver\stm32f4xx_hal_i2c.o
 .ARM.attributes
                0x0000041f       0x39 Drivers\STM32F4xx_HAL_Driver\stm32f4xx_hal_i2c_ex.o
 .ARM.attributes
                0x00000458       0x39 Drivers\STM32F4xx_HAL_Driver\stm32f4xx_hal_i2s.o
 .ARM.attributes
                0x00000491       0x39 Drivers\STM32F4xx_HAL_Driver\stm32f4xx_hal_i2s_ex.o
 .ARM.attributes
                0x000004ca       0x39 Drivers\STM32F4xx_HAL_Driver\stm32f4xx_hal_pwr.o
 .ARM.attributes
                0x00000503       0x39 Drivers\STM32F4xx_HAL_Driver\stm32f4xx_hal_pwr_ex.o
 .ARM.attributes
                0x0000053c       0x39 Drivers\STM32F4xx_HAL_Driver\stm32f4xx_hal_rcc.o
 .ARM.attributes
                0x00000575       0x39 Drivers\STM32F4xx_HAL_Driver\stm32f4xx_hal_rcc_ex.o
 .ARM.attributes
                0x000005ae       0x39 Drivers\STM32F4xx_HAL_Driver\stm32f4xx_hal_spi.o
 .ARM.attributes
                0x000005e7       0x39 Drivers\STM32F4xx_HAL_Driver\stm32f4xx_hal_tim.o
 .ARM.attributes
                0x00000620       0x39 Drivers\STM32F4xx_HAL_Driver\stm32f4xx_hal_tim_ex.o
 .ARM.attributes
                0x00000659       0x39 Drivers\STM32F4xx_HAL_Driver\stm32f4xx_ll_usb.o
 .ARM.attributes
                0x00000692       0x39 Middlewares\USB_Host_Library\usbh_cdc.o
 .ARM.attributes
                0x000006cb       0x39 Middlewares\USB_Host_Library\usbh_core.o
 .ARM.attributes
                0x00000704       0x39 Middlewares\USB_Host_Library\usbh_ctlreq.o
 .ARM.attributes
                0x0000073d       0x39 Middlewares\USB_Host_Library\usbh_ioreq.o
 .ARM.attributes
                0x00000776       0x39 Middlewares\USB_Host_Library\usbh_pipes.o
 .ARM.attributes
                0x000007af       0x25 startup_stm32f407xx.o
 .ARM.attributes
                0x000007d4       0x34 c:/program files (x86)/atollic/truestudio for stm32 9.0.0/armtools/bin/../lib/gcc/arm-atollic-eabi/6.3.1/../../../../arm-atollic-eabi/lib/armv7e-m/fpu\libc_nano.a(lib_a-malloc.o)
 .ARM.attributes
                0x00000808       0x34 c:/program files (x86)/atollic/truestudio for stm32 9.0.0/armtools/bin/../lib/gcc/arm-atollic-eabi/6.3.1/../../../../arm-atollic-eabi/lib/armv7e-m/fpu\libc_nano.a(lib_a-nano-freer.o)
 .ARM.attributes
                0x0000083c       0x34 c:/program files (x86)/atollic/truestudio for stm32 9.0.0/armtools/bin/../lib/gcc/arm-atollic-eabi/6.3.1/../../../../arm-atollic-eabi/lib/armv7e-m/fpu\libc_nano.a(lib_a-nano-mallocr.o)
 .ARM.attributes
                0x00000870       0x34 c:/program files (x86)/atollic/truestudio for stm32 9.0.0/armtools/bin/../lib/gcc/arm-atollic-eabi/6.3.1/../../../../arm-atollic-eabi/lib/armv7e-m/fpu\libc_nano.a(lib_a-sbrkr.o)
 .ARM.attributes
                0x000008a4       0x34 c:/program files (x86)/atollic/truestudio for stm32 9.0.0/armtools/bin/../lib/gcc/arm-atollic-eabi/6.3.1/../../../../arm-atollic-eabi/lib/armv7e-m/fpu\libc_nano.a(lib_a-impure.o)
 .ARM.attributes
                0x000008d8       0x34 c:/program files (x86)/atollic/truestudio for stm32 9.0.0/armtools/bin/../lib/gcc/arm-atollic-eabi/6.3.1/../../../../arm-atollic-eabi/lib/armv7e-m/fpu\libc_nano.a(lib_a-mlock.o)
 .ARM.attributes
                0x0000090c       0x34 c:/program files (x86)/atollic/truestudio for stm32 9.0.0/armtools/bin/../lib/gcc/arm-atollic-eabi/6.3.1/../../../../arm-atollic-eabi/lib/armv7e-m/fpu\libc_nano.a(lib_a-reent.o)
 .ARM.attributes
                0x00000940       0x22 c:/program files (x86)/atollic/truestudio for stm32 9.0.0/armtools/bin/../lib/gcc/arm-atollic-eabi/6.3.1/armv7e-m/fpu\libgcc.a(_aeabi_uldivmod.o)
 .ARM.attributes
                0x00000962       0x34 c:/program files (x86)/atollic/truestudio for stm32 9.0.0/armtools/bin/../lib/gcc/arm-atollic-eabi/6.3.1/armv7e-m/fpu\libgcc.a(_udivmoddi4.o)
 .ARM.attributes
                0x00000996       0x22 c:/program files (x86)/atollic/truestudio for stm32 9.0.0/armtools/bin/../lib/gcc/arm-atollic-eabi/6.3.1/armv7e-m/fpu\libgcc.a(_dvmd_tls.o)
 .ARM.attributes
                0x000009b8       0x34 c:/program files (x86)/atollic/truestudio for stm32 9.0.0/armtools/bin/../lib/gcc/arm-atollic-eabi/6.3.1/../../../../arm-atollic-eabi/lib/armv7e-m/fpu\libnosys.a(sbrk.o)
 .ARM.attributes
                0x000009ec       0x34 c:/program files (x86)/atollic/truestudio for stm32 9.0.0/armtools/bin/../lib/gcc/arm-atollic-eabi/6.3.1/armv7e-m/fpu/crtend.o
 .ARM.attributes
                0x00000a20       0x22 c:/program files (x86)/atollic/truestudio for stm32 9.0.0/armtools/bin/../lib/gcc/arm-atollic-eabi/6.3.1/armv7e-m/fpu/crtn.o
 *(.gnu.attributes)

.note.gnu.arm.ident
 *(.note.gnu.arm.ident)

/DISCARD/
 *(.note.GNU-stack)
 *(.gnu_debuglink)
 *(.gnu.lto_*)
OUTPUT(EWARM.elf elf32-littlearm)

Cross Reference Table

Symbol                                            File
AHBPrescTable                                     Drivers\CMSIS\system_stm32f4xx.o
                                                  Drivers\STM32F4xx_HAL_Driver\stm32f4xx_hal_rcc.o
APBPrescTable                                     Drivers\CMSIS\system_stm32f4xx.o
                                                  Drivers\STM32F4xx_HAL_Driver\stm32f4xx_hal_rcc.o
Appli_state                                       Application\User\usb_host.o
CDC_Class                                         Middlewares\USB_Host_Library\usbh_cdc.o
                                                  Application\User\usb_host.o
FLASH_Erase_Sector                                Drivers\STM32F4xx_HAL_Driver\stm32f4xx_hal_flash_ex.o
                                                  Drivers\STM32F4xx_HAL_Driver\stm32f4xx_hal_flash.o
FLASH_FlushCaches                                 Drivers\STM32F4xx_HAL_Driver\stm32f4xx_hal_flash_ex.o
                                                  Drivers\STM32F4xx_HAL_Driver\stm32f4xx_hal_flash.o
FLASH_WaitForLastOperation                        Drivers\STM32F4xx_HAL_Driver\stm32f4xx_hal_flash.o
                                                  Drivers\STM32F4xx_HAL_Driver\stm32f4xx_hal_flash_ex.o
HAL_DBGMCU_DisableDBGSleepMode                    Drivers\STM32F4xx_HAL_Driver\stm32f4xx_hal.o
HAL_DBGMCU_DisableDBGStandbyMode                  Drivers\STM32F4xx_HAL_Driver\stm32f4xx_hal.o
HAL_DBGMCU_DisableDBGStopMode                     Drivers\STM32F4xx_HAL_Driver\stm32f4xx_hal.o
HAL_DBGMCU_EnableDBGSleepMode                     Drivers\STM32F4xx_HAL_Driver\stm32f4xx_hal.o
HAL_DBGMCU_EnableDBGStandbyMode                   Drivers\STM32F4xx_HAL_Driver\stm32f4xx_hal.o
HAL_DBGMCU_EnableDBGStopMode                      Drivers\STM32F4xx_HAL_Driver\stm32f4xx_hal.o
HAL_DMAEx_ChangeMemory                            Drivers\STM32F4xx_HAL_Driver\stm32f4xx_hal_dma_ex.o
HAL_DMAEx_MultiBufferStart                        Drivers\STM32F4xx_HAL_Driver\stm32f4xx_hal_dma_ex.o
HAL_DMAEx_MultiBufferStart_IT                     Drivers\STM32F4xx_HAL_Driver\stm32f4xx_hal_dma_ex.o
HAL_DMA_Abort                                     Drivers\STM32F4xx_HAL_Driver\stm32f4xx_hal_dma.o
                                                  Drivers\STM32F4xx_HAL_Driver\stm32f4xx_hal_spi.o
                                                  Drivers\STM32F4xx_HAL_Driver\stm32f4xx_hal_i2s.o
HAL_DMA_Abort_IT                                  Drivers\STM32F4xx_HAL_Driver\stm32f4xx_hal_dma.o
                                                  Drivers\STM32F4xx_HAL_Driver\stm32f4xx_hal_spi.o
                                                  Drivers\STM32F4xx_HAL_Driver\stm32f4xx_hal_i2c.o
HAL_DMA_DeInit                                    Drivers\STM32F4xx_HAL_Driver\stm32f4xx_hal_dma.o
HAL_DMA_GetError                                  Drivers\STM32F4xx_HAL_Driver\stm32f4xx_hal_dma.o
                                                  Drivers\STM32F4xx_HAL_Driver\stm32f4xx_hal_i2c.o
HAL_DMA_GetState                                  Drivers\STM32F4xx_HAL_Driver\stm32f4xx_hal_dma.o
HAL_DMA_IRQHandler                                Drivers\STM32F4xx_HAL_Driver\stm32f4xx_hal_dma.o
HAL_DMA_Init                                      Drivers\STM32F4xx_HAL_Driver\stm32f4xx_hal_dma.o
HAL_DMA_PollForTransfer                           Drivers\STM32F4xx_HAL_Driver\stm32f4xx_hal_dma.o
HAL_DMA_RegisterCallback                          Drivers\STM32F4xx_HAL_Driver\stm32f4xx_hal_dma.o
HAL_DMA_Start                                     Drivers\STM32F4xx_HAL_Driver\stm32f4xx_hal_dma.o
HAL_DMA_Start_IT                                  Drivers\STM32F4xx_HAL_Driver\stm32f4xx_hal_dma.o
                                                  Drivers\STM32F4xx_HAL_Driver\stm32f4xx_hal_spi.o
                                                  Drivers\STM32F4xx_HAL_Driver\stm32f4xx_hal_i2s_ex.o
                                                  Drivers\STM32F4xx_HAL_Driver\stm32f4xx_hal_i2s.o
                                                  Drivers\STM32F4xx_HAL_Driver\stm32f4xx_hal_i2c.o
HAL_DMA_UnRegisterCallback                        Drivers\STM32F4xx_HAL_Driver\stm32f4xx_hal_dma.o
HAL_DeInit                                        Drivers\STM32F4xx_HAL_Driver\stm32f4xx_hal.o
HAL_Delay                                         Drivers\STM32F4xx_HAL_Driver\stm32f4xx_hal.o
                                                  Drivers\STM32F4xx_HAL_Driver\stm32f4xx_ll_usb.o
                                                  Application\User\usbh_conf.o
HAL_DisableCompensationCell                       Drivers\STM32F4xx_HAL_Driver\stm32f4xx_hal.o
HAL_EnableCompensationCell                        Drivers\STM32F4xx_HAL_Driver\stm32f4xx_hal.o
HAL_FLASHEx_Erase                                 Drivers\STM32F4xx_HAL_Driver\stm32f4xx_hal_flash_ex.o
HAL_FLASHEx_Erase_IT                              Drivers\STM32F4xx_HAL_Driver\stm32f4xx_hal_flash_ex.o
HAL_FLASHEx_OBGetConfig                           Drivers\STM32F4xx_HAL_Driver\stm32f4xx_hal_flash_ex.o
HAL_FLASHEx_OBProgram                             Drivers\STM32F4xx_HAL_Driver\stm32f4xx_hal_flash_ex.o
HAL_FLASH_EndOfOperationCallback                  Drivers\STM32F4xx_HAL_Driver\stm32f4xx_hal_flash.o
HAL_FLASH_GetError                                Drivers\STM32F4xx_HAL_Driver\stm32f4xx_hal_flash.o
HAL_FLASH_IRQHandler                              Drivers\STM32F4xx_HAL_Driver\stm32f4xx_hal_flash.o
HAL_FLASH_Lock                                    Drivers\STM32F4xx_HAL_Driver\stm32f4xx_hal_flash.o
HAL_FLASH_OB_Launch                               Drivers\STM32F4xx_HAL_Driver\stm32f4xx_hal_flash.o
HAL_FLASH_OB_Lock                                 Drivers\STM32F4xx_HAL_Driver\stm32f4xx_hal_flash.o
HAL_FLASH_OB_Unlock                               Drivers\STM32F4xx_HAL_Driver\stm32f4xx_hal_flash.o
HAL_FLASH_OperationErrorCallback                  Drivers\STM32F4xx_HAL_Driver\stm32f4xx_hal_flash.o
HAL_FLASH_Program                                 Drivers\STM32F4xx_HAL_Driver\stm32f4xx_hal_flash.o
HAL_FLASH_Program_IT                              Drivers\STM32F4xx_HAL_Driver\stm32f4xx_hal_flash.o
HAL_FLASH_Unlock                                  Drivers\STM32F4xx_HAL_Driver\stm32f4xx_hal_flash.o
HAL_GPIO_DeInit                                   Drivers\STM32F4xx_HAL_Driver\stm32f4xx_hal_gpio.o
                                                  Application\User\usbh_conf.o
                                                  Application\User\stm32f4xx_hal_msp.o
HAL_GPIO_EXTI_Callback                            Drivers\STM32F4xx_HAL_Driver\stm32f4xx_hal_gpio.o
HAL_GPIO_EXTI_IRQHandler                          Drivers\STM32F4xx_HAL_Driver\stm32f4xx_hal_gpio.o
HAL_GPIO_Init                                     Drivers\STM32F4xx_HAL_Driver\stm32f4xx_hal_gpio.o
                                                  Drivers\STM32F4xx_HAL_Driver\stm32f4xx_hal_rcc.o
                                                  Application\User\usbh_conf.o
                                                  Application\User\stm32f4xx_hal_msp.o
                                                  Application\User\main.o
HAL_GPIO_LockPin                                  Drivers\STM32F4xx_HAL_Driver\stm32f4xx_hal_gpio.o
HAL_GPIO_ReadPin                                  Drivers\STM32F4xx_HAL_Driver\stm32f4xx_hal_gpio.o
HAL_GPIO_TogglePin                                Drivers\STM32F4xx_HAL_Driver\stm32f4xx_hal_gpio.o
HAL_GPIO_WritePin                                 Drivers\STM32F4xx_HAL_Driver\stm32f4xx_hal_gpio.o
                                                  Application\User\usbh_platform.o
                                                  Application\User\main.o
HAL_GetDEVID                                      Drivers\STM32F4xx_HAL_Driver\stm32f4xx_hal.o
HAL_GetHalVersion                                 Drivers\STM32F4xx_HAL_Driver\stm32f4xx_hal.o
HAL_GetREVID                                      Drivers\STM32F4xx_HAL_Driver\stm32f4xx_hal.o
HAL_GetTick                                       Drivers\STM32F4xx_HAL_Driver\stm32f4xx_hal.o
                                                  Drivers\STM32F4xx_HAL_Driver\stm32f4xx_hal_spi.o
                                                  Drivers\STM32F4xx_HAL_Driver\stm32f4xx_hal_rcc_ex.o
                                                  Drivers\STM32F4xx_HAL_Driver\stm32f4xx_hal_rcc.o
                                                  Drivers\STM32F4xx_HAL_Driver\stm32f4xx_hal_pwr_ex.o
                                                  Drivers\STM32F4xx_HAL_Driver\stm32f4xx_hal_i2s_ex.o
                                                  Drivers\STM32F4xx_HAL_Driver\stm32f4xx_hal_i2s.o
                                                  Drivers\STM32F4xx_HAL_Driver\stm32f4xx_hal_i2c.o
                                                  Drivers\STM32F4xx_HAL_Driver\stm32f4xx_hal_flash.o
                                                  Drivers\STM32F4xx_HAL_Driver\stm32f4xx_hal_dma.o
HAL_GetTickFreq                                   Drivers\STM32F4xx_HAL_Driver\stm32f4xx_hal.o
HAL_GetTickPrio                                   Drivers\STM32F4xx_HAL_Driver\stm32f4xx_hal.o
HAL_GetUID                                        Drivers\STM32F4xx_HAL_Driver\stm32f4xx_hal.o
HAL_HCD_Connect_Callback                          Application\User\usbh_conf.o
HAL_HCD_DeInit                                    Drivers\STM32F4xx_HAL_Driver\stm32f4xx_hal_hcd.o
                                                  Application\User\usbh_conf.o
HAL_HCD_Disconnect_Callback                       Application\User\usbh_conf.o
HAL_HCD_GetCurrentFrame                           Drivers\STM32F4xx_HAL_Driver\stm32f4xx_hal_hcd.o
                                                  Application\User\usbh_conf.o
HAL_HCD_GetCurrentSpeed                           Drivers\STM32F4xx_HAL_Driver\stm32f4xx_hal_hcd.o
                                                  Application\User\usbh_conf.o
HAL_HCD_GetState                                  Drivers\STM32F4xx_HAL_Driver\stm32f4xx_hal_hcd.o
HAL_HCD_HC_GetState                               Drivers\STM32F4xx_HAL_Driver\stm32f4xx_hal_hcd.o
HAL_HCD_HC_GetURBState                            Drivers\STM32F4xx_HAL_Driver\stm32f4xx_hal_hcd.o
                                                  Application\User\usbh_conf.o
HAL_HCD_HC_GetXferCount                           Drivers\STM32F4xx_HAL_Driver\stm32f4xx_hal_hcd.o
                                                  Application\User\usbh_conf.o
HAL_HCD_HC_Halt                                   Drivers\STM32F4xx_HAL_Driver\stm32f4xx_hal_hcd.o
                                                  Application\User\usbh_conf.o
HAL_HCD_HC_Init                                   Drivers\STM32F4xx_HAL_Driver\stm32f4xx_hal_hcd.o
                                                  Application\User\usbh_conf.o
HAL_HCD_HC_NotifyURBChange_Callback               Application\User\usbh_conf.o
HAL_HCD_HC_SubmitRequest                          Drivers\STM32F4xx_HAL_Driver\stm32f4xx_hal_hcd.o
                                                  Application\User\usbh_conf.o
HAL_HCD_IRQHandler                                Drivers\STM32F4xx_HAL_Driver\stm32f4xx_hal_hcd.o
                                                  Application\User\stm32f4xx_it.o
HAL_HCD_Init                                      Drivers\STM32F4xx_HAL_Driver\stm32f4xx_hal_hcd.o
                                                  Application\User\usbh_conf.o
HAL_HCD_MspDeInit                                 Application\User\usbh_conf.o
HAL_HCD_MspInit                                   Application\User\usbh_conf.o
HAL_HCD_ResetPort                                 Drivers\STM32F4xx_HAL_Driver\stm32f4xx_hal_hcd.o
                                                  Application\User\usbh_conf.o
HAL_HCD_SOF_Callback                              Application\User\usbh_conf.o
HAL_HCD_Start                                     Drivers\STM32F4xx_HAL_Driver\stm32f4xx_hal_hcd.o
                                                  Application\User\usbh_conf.o
HAL_HCD_Stop                                      Drivers\STM32F4xx_HAL_Driver\stm32f4xx_hal_hcd.o
                                                  Application\User\usbh_conf.o
HAL_I2C_AbortCpltCallback                         Drivers\STM32F4xx_HAL_Driver\stm32f4xx_hal_i2c.o
HAL_I2C_AddrCallback                              Drivers\STM32F4xx_HAL_Driver\stm32f4xx_hal_i2c.o
HAL_I2C_DeInit                                    Drivers\STM32F4xx_HAL_Driver\stm32f4xx_hal_i2c.o
HAL_I2C_DisableListen_IT                          Drivers\STM32F4xx_HAL_Driver\stm32f4xx_hal_i2c.o
HAL_I2C_ER_IRQHandler                             Drivers\STM32F4xx_HAL_Driver\stm32f4xx_hal_i2c.o
HAL_I2C_EV_IRQHandler                             Drivers\STM32F4xx_HAL_Driver\stm32f4xx_hal_i2c.o
HAL_I2C_EnableListen_IT                           Drivers\STM32F4xx_HAL_Driver\stm32f4xx_hal_i2c.o
HAL_I2C_ErrorCallback                             Drivers\STM32F4xx_HAL_Driver\stm32f4xx_hal_i2c.o
HAL_I2C_GetError                                  Drivers\STM32F4xx_HAL_Driver\stm32f4xx_hal_i2c.o
HAL_I2C_GetMode                                   Drivers\STM32F4xx_HAL_Driver\stm32f4xx_hal_i2c.o
HAL_I2C_GetState                                  Drivers\STM32F4xx_HAL_Driver\stm32f4xx_hal_i2c.o
HAL_I2C_Init                                      Drivers\STM32F4xx_HAL_Driver\stm32f4xx_hal_i2c.o
                                                  Application\User\main.o
HAL_I2C_IsDeviceReady                             Drivers\STM32F4xx_HAL_Driver\stm32f4xx_hal_i2c.o
HAL_I2C_ListenCpltCallback                        Drivers\STM32F4xx_HAL_Driver\stm32f4xx_hal_i2c.o
HAL_I2C_MasterRxCpltCallback                      Drivers\STM32F4xx_HAL_Driver\stm32f4xx_hal_i2c.o
HAL_I2C_MasterTxCpltCallback                      Drivers\STM32F4xx_HAL_Driver\stm32f4xx_hal_i2c.o
HAL_I2C_Master_Abort_IT                           Drivers\STM32F4xx_HAL_Driver\stm32f4xx_hal_i2c.o
HAL_I2C_Master_Receive                            Drivers\STM32F4xx_HAL_Driver\stm32f4xx_hal_i2c.o
HAL_I2C_Master_Receive_DMA                        Drivers\STM32F4xx_HAL_Driver\stm32f4xx_hal_i2c.o
HAL_I2C_Master_Receive_IT                         Drivers\STM32F4xx_HAL_Driver\stm32f4xx_hal_i2c.o
HAL_I2C_Master_Sequential_Receive_IT              Drivers\STM32F4xx_HAL_Driver\stm32f4xx_hal_i2c.o
HAL_I2C_Master_Sequential_Transmit_IT             Drivers\STM32F4xx_HAL_Driver\stm32f4xx_hal_i2c.o
HAL_I2C_Master_Transmit                           Drivers\STM32F4xx_HAL_Driver\stm32f4xx_hal_i2c.o
HAL_I2C_Master_Transmit_DMA                       Drivers\STM32F4xx_HAL_Driver\stm32f4xx_hal_i2c.o
HAL_I2C_Master_Transmit_IT                        Drivers\STM32F4xx_HAL_Driver\stm32f4xx_hal_i2c.o
HAL_I2C_MemRxCpltCallback                         Drivers\STM32F4xx_HAL_Driver\stm32f4xx_hal_i2c.o
HAL_I2C_MemTxCpltCallback                         Drivers\STM32F4xx_HAL_Driver\stm32f4xx_hal_i2c.o
HAL_I2C_Mem_Read                                  Drivers\STM32F4xx_HAL_Driver\stm32f4xx_hal_i2c.o
HAL_I2C_Mem_Read_DMA                              Drivers\STM32F4xx_HAL_Driver\stm32f4xx_hal_i2c.o
HAL_I2C_Mem_Read_IT                               Drivers\STM32F4xx_HAL_Driver\stm32f4xx_hal_i2c.o
HAL_I2C_Mem_Write                                 Drivers\STM32F4xx_HAL_Driver\stm32f4xx_hal_i2c.o
HAL_I2C_Mem_Write_DMA                             Drivers\STM32F4xx_HAL_Driver\stm32f4xx_hal_i2c.o
HAL_I2C_Mem_Write_IT                              Drivers\STM32F4xx_HAL_Driver\stm32f4xx_hal_i2c.o
HAL_I2C_MspDeInit                                 Application\User\stm32f4xx_hal_msp.o
HAL_I2C_MspInit                                   Application\User\stm32f4xx_hal_msp.o
HAL_I2C_SlaveRxCpltCallback                       Drivers\STM32F4xx_HAL_Driver\stm32f4xx_hal_i2c.o
HAL_I2C_SlaveTxCpltCallback                       Drivers\STM32F4xx_HAL_Driver\stm32f4xx_hal_i2c.o
HAL_I2C_Slave_Receive                             Drivers\STM32F4xx_HAL_Driver\stm32f4xx_hal_i2c.o
HAL_I2C_Slave_Receive_DMA                         Drivers\STM32F4xx_HAL_Driver\stm32f4xx_hal_i2c.o
HAL_I2C_Slave_Receive_IT                          Drivers\STM32F4xx_HAL_Driver\stm32f4xx_hal_i2c.o
HAL_I2C_Slave_Sequential_Receive_IT               Drivers\STM32F4xx_HAL_Driver\stm32f4xx_hal_i2c.o
HAL_I2C_Slave_Sequential_Transmit_IT              Drivers\STM32F4xx_HAL_Driver\stm32f4xx_hal_i2c.o
HAL_I2C_Slave_Transmit                            Drivers\STM32F4xx_HAL_Driver\stm32f4xx_hal_i2c.o
HAL_I2C_Slave_Transmit_DMA                        Drivers\STM32F4xx_HAL_Driver\stm32f4xx_hal_i2c.o
HAL_I2C_Slave_Transmit_IT                         Drivers\STM32F4xx_HAL_Driver\stm32f4xx_hal_i2c.o
HAL_I2SEx_FullDuplex_IRQHandler                   Drivers\STM32F4xx_HAL_Driver\stm32f4xx_hal_i2s_ex.o
                                                  Drivers\STM32F4xx_HAL_Driver\stm32f4xx_hal_i2s.o
HAL_I2SEx_TransmitReceive                         Drivers\STM32F4xx_HAL_Driver\stm32f4xx_hal_i2s_ex.o
HAL_I2SEx_TransmitReceive_DMA                     Drivers\STM32F4xx_HAL_Driver\stm32f4xx_hal_i2s_ex.o
HAL_I2SEx_TransmitReceive_IT                      Drivers\STM32F4xx_HAL_Driver\stm32f4xx_hal_i2s_ex.o
HAL_I2SEx_TxRxCpltCallback                        Drivers\STM32F4xx_HAL_Driver\stm32f4xx_hal_i2s_ex.o
HAL_I2SEx_TxRxHalfCpltCallback                    Drivers\STM32F4xx_HAL_Driver\stm32f4xx_hal_i2s_ex.o
HAL_I2S_DMAPause                                  Drivers\STM32F4xx_HAL_Driver\stm32f4xx_hal_i2s.o
HAL_I2S_DMAResume                                 Drivers\STM32F4xx_HAL_Driver\stm32f4xx_hal_i2s.o
HAL_I2S_DMAStop                                   Drivers\STM32F4xx_HAL_Driver\stm32f4xx_hal_i2s.o
HAL_I2S_DeInit                                    Drivers\STM32F4xx_HAL_Driver\stm32f4xx_hal_i2s.o
HAL_I2S_ErrorCallback                             Drivers\STM32F4xx_HAL_Driver\stm32f4xx_hal_i2s.o
                                                  Drivers\STM32F4xx_HAL_Driver\stm32f4xx_hal_i2s_ex.o
HAL_I2S_GetError                                  Drivers\STM32F4xx_HAL_Driver\stm32f4xx_hal_i2s.o
HAL_I2S_GetState                                  Drivers\STM32F4xx_HAL_Driver\stm32f4xx_hal_i2s.o
HAL_I2S_IRQHandler                                Drivers\STM32F4xx_HAL_Driver\stm32f4xx_hal_i2s.o
HAL_I2S_Init                                      Drivers\STM32F4xx_HAL_Driver\stm32f4xx_hal_i2s.o
                                                  Application\User\main.o
HAL_I2S_MspDeInit                                 Application\User\stm32f4xx_hal_msp.o
HAL_I2S_MspInit                                   Application\User\stm32f4xx_hal_msp.o
HAL_I2S_Receive                                   Drivers\STM32F4xx_HAL_Driver\stm32f4xx_hal_i2s.o
HAL_I2S_Receive_DMA                               Drivers\STM32F4xx_HAL_Driver\stm32f4xx_hal_i2s.o
HAL_I2S_Receive_IT                                Drivers\STM32F4xx_HAL_Driver\stm32f4xx_hal_i2s.o
HAL_I2S_RxCpltCallback                            Drivers\STM32F4xx_HAL_Driver\stm32f4xx_hal_i2s.o
HAL_I2S_RxHalfCpltCallback                        Drivers\STM32F4xx_HAL_Driver\stm32f4xx_hal_i2s.o
HAL_I2S_Transmit                                  Drivers\STM32F4xx_HAL_Driver\stm32f4xx_hal_i2s.o
HAL_I2S_Transmit_DMA                              Drivers\STM32F4xx_HAL_Driver\stm32f4xx_hal_i2s.o
HAL_I2S_Transmit_IT                               Drivers\STM32F4xx_HAL_Driver\stm32f4xx_hal_i2s.o
HAL_I2S_TxCpltCallback                            Drivers\STM32F4xx_HAL_Driver\stm32f4xx_hal_i2s.o
HAL_I2S_TxHalfCpltCallback                        Drivers\STM32F4xx_HAL_Driver\stm32f4xx_hal_i2s.o
HAL_IncTick                                       Drivers\STM32F4xx_HAL_Driver\stm32f4xx_hal.o
                                                  Application\User\stm32f4xx_it.o
HAL_Init                                          Drivers\STM32F4xx_HAL_Driver\stm32f4xx_hal.o
                                                  Application\User\main.o
HAL_InitTick                                      Drivers\STM32F4xx_HAL_Driver\stm32f4xx_hal.o
                                                  Drivers\STM32F4xx_HAL_Driver\stm32f4xx_hal_rcc_ex.o
                                                  Drivers\STM32F4xx_HAL_Driver\stm32f4xx_hal_rcc.o
HAL_MPU_ConfigRegion                              Drivers\STM32F4xx_HAL_Driver\stm32f4xx_hal_cortex.o
HAL_MPU_Disable                                   Drivers\STM32F4xx_HAL_Driver\stm32f4xx_hal_cortex.o
HAL_MPU_Enable                                    Drivers\STM32F4xx_HAL_Driver\stm32f4xx_hal_cortex.o
HAL_MspDeInit                                     Drivers\STM32F4xx_HAL_Driver\stm32f4xx_hal.o
HAL_MspInit                                       Application\User\stm32f4xx_hal_msp.o
HAL_NVIC_ClearPendingIRQ                          Drivers\STM32F4xx_HAL_Driver\stm32f4xx_hal_cortex.o
HAL_NVIC_DisableIRQ                               Drivers\STM32F4xx_HAL_Driver\stm32f4xx_hal_cortex.o
                                                  Application\User\usbh_conf.o
HAL_NVIC_EnableIRQ                                Drivers\STM32F4xx_HAL_Driver\stm32f4xx_hal_cortex.o
                                                  Application\User\usbh_conf.o
HAL_NVIC_GetActive                                Drivers\STM32F4xx_HAL_Driver\stm32f4xx_hal_cortex.o
HAL_NVIC_GetPendingIRQ                            Drivers\STM32F4xx_HAL_Driver\stm32f4xx_hal_cortex.o
HAL_NVIC_GetPriority                              Drivers\STM32F4xx_HAL_Driver\stm32f4xx_hal_cortex.o
HAL_NVIC_GetPriorityGrouping                      Drivers\STM32F4xx_HAL_Driver\stm32f4xx_hal_cortex.o
HAL_NVIC_SetPendingIRQ                            Drivers\STM32F4xx_HAL_Driver\stm32f4xx_hal_cortex.o
HAL_NVIC_SetPriority                              Drivers\STM32F4xx_HAL_Driver\stm32f4xx_hal_cortex.o
                                                  Drivers\STM32F4xx_HAL_Driver\stm32f4xx_hal.o
                                                  Application\User\usbh_conf.o
                                                  Application\User\stm32f4xx_hal_msp.o
                                                  Application\User\main.o
HAL_NVIC_SetPriorityGrouping                      Drivers\STM32F4xx_HAL_Driver\stm32f4xx_hal_cortex.o
                                                  Drivers\STM32F4xx_HAL_Driver\stm32f4xx_hal.o
                                                  Application\User\stm32f4xx_hal_msp.o
HAL_NVIC_SystemReset                              Drivers\STM32F4xx_HAL_Driver\stm32f4xx_hal_cortex.o
HAL_PWREx_ControlVoltageScaling                   Drivers\STM32F4xx_HAL_Driver\stm32f4xx_hal_pwr_ex.o
HAL_PWREx_DisableBkUpReg                          Drivers\STM32F4xx_HAL_Driver\stm32f4xx_hal_pwr_ex.o
HAL_PWREx_DisableFlashPowerDown                   Drivers\STM32F4xx_HAL_Driver\stm32f4xx_hal_pwr_ex.o
HAL_PWREx_EnableBkUpReg                           Drivers\STM32F4xx_HAL_Driver\stm32f4xx_hal_pwr_ex.o
HAL_PWREx_EnableFlashPowerDown                    Drivers\STM32F4xx_HAL_Driver\stm32f4xx_hal_pwr_ex.o
HAL_PWREx_GetVoltageRange                         Drivers\STM32F4xx_HAL_Driver\stm32f4xx_hal_pwr_ex.o
HAL_PWR_ConfigPVD                                 Drivers\STM32F4xx_HAL_Driver\stm32f4xx_hal_pwr.o
HAL_PWR_DeInit                                    Drivers\STM32F4xx_HAL_Driver\stm32f4xx_hal_pwr.o
HAL_PWR_DisableBkUpAccess                         Drivers\STM32F4xx_HAL_Driver\stm32f4xx_hal_pwr.o
HAL_PWR_DisablePVD                                Drivers\STM32F4xx_HAL_Driver\stm32f4xx_hal_pwr.o
HAL_PWR_DisableSEVOnPend                          Drivers\STM32F4xx_HAL_Driver\stm32f4xx_hal_pwr.o
HAL_PWR_DisableSleepOnExit                        Drivers\STM32F4xx_HAL_Driver\stm32f4xx_hal_pwr.o
HAL_PWR_DisableWakeUpPin                          Drivers\STM32F4xx_HAL_Driver\stm32f4xx_hal_pwr.o
HAL_PWR_EnableBkUpAccess                          Drivers\STM32F4xx_HAL_Driver\stm32f4xx_hal_pwr.o
HAL_PWR_EnablePVD                                 Drivers\STM32F4xx_HAL_Driver\stm32f4xx_hal_pwr.o
HAL_PWR_EnableSEVOnPend                           Drivers\STM32F4xx_HAL_Driver\stm32f4xx_hal_pwr.o
HAL_PWR_EnableSleepOnExit                         Drivers\STM32F4xx_HAL_Driver\stm32f4xx_hal_pwr.o
HAL_PWR_EnableWakeUpPin                           Drivers\STM32F4xx_HAL_Driver\stm32f4xx_hal_pwr.o
HAL_PWR_EnterSLEEPMode                            Drivers\STM32F4xx_HAL_Driver\stm32f4xx_hal_pwr.o
HAL_PWR_EnterSTANDBYMode                          Drivers\STM32F4xx_HAL_Driver\stm32f4xx_hal_pwr.o
HAL_PWR_EnterSTOPMode                             Drivers\STM32F4xx_HAL_Driver\stm32f4xx_hal_pwr.o
HAL_PWR_PVDCallback                               Drivers\STM32F4xx_HAL_Driver\stm32f4xx_hal_pwr.o
HAL_PWR_PVD_IRQHandler                            Drivers\STM32F4xx_HAL_Driver\stm32f4xx_hal_pwr.o
HAL_RCCEx_DisablePLLI2S                           Drivers\STM32F4xx_HAL_Driver\stm32f4xx_hal_rcc_ex.o
HAL_RCCEx_EnablePLLI2S                            Drivers\STM32F4xx_HAL_Driver\stm32f4xx_hal_rcc_ex.o
HAL_RCCEx_GetPeriphCLKConfig                      Drivers\STM32F4xx_HAL_Driver\stm32f4xx_hal_rcc_ex.o
HAL_RCCEx_GetPeriphCLKFreq                        Drivers\STM32F4xx_HAL_Driver\stm32f4xx_hal_rcc_ex.o
                                                  Drivers\STM32F4xx_HAL_Driver\stm32f4xx_hal_i2s.o
HAL_RCCEx_PeriphCLKConfig                         Drivers\STM32F4xx_HAL_Driver\stm32f4xx_hal_rcc_ex.o
                                                  Application\User\main.o
HAL_RCC_CSSCallback                               Drivers\STM32F4xx_HAL_Driver\stm32f4xx_hal_rcc.o
HAL_RCC_ClockConfig                               Drivers\STM32F4xx_HAL_Driver\stm32f4xx_hal_rcc.o
                                                  Application\User\main.o
HAL_RCC_DeInit                                    Drivers\STM32F4xx_HAL_Driver\stm32f4xx_hal_rcc_ex.o
                                                  Drivers\STM32F4xx_HAL_Driver\stm32f4xx_hal_rcc.o
HAL_RCC_DisableCSS                                Drivers\STM32F4xx_HAL_Driver\stm32f4xx_hal_rcc.o
HAL_RCC_EnableCSS                                 Drivers\STM32F4xx_HAL_Driver\stm32f4xx_hal_rcc.o
HAL_RCC_GetClockConfig                            Drivers\STM32F4xx_HAL_Driver\stm32f4xx_hal_rcc.o
HAL_RCC_GetHCLKFreq                               Drivers\STM32F4xx_HAL_Driver\stm32f4xx_hal_rcc.o
                                                  Application\User\main.o
HAL_RCC_GetOscConfig                              Drivers\STM32F4xx_HAL_Driver\stm32f4xx_hal_rcc.o
HAL_RCC_GetPCLK1Freq                              Drivers\STM32F4xx_HAL_Driver\stm32f4xx_hal_rcc.o
                                                  Drivers\STM32F4xx_HAL_Driver\stm32f4xx_hal_i2c.o
HAL_RCC_GetPCLK2Freq                              Drivers\STM32F4xx_HAL_Driver\stm32f4xx_hal_rcc.o
HAL_RCC_GetSysClockFreq                           Drivers\STM32F4xx_HAL_Driver\stm32f4xx_hal_rcc.o
HAL_RCC_MCOConfig                                 Drivers\STM32F4xx_HAL_Driver\stm32f4xx_hal_rcc.o
HAL_RCC_NMI_IRQHandler                            Drivers\STM32F4xx_HAL_Driver\stm32f4xx_hal_rcc.o
HAL_RCC_OscConfig                                 Drivers\STM32F4xx_HAL_Driver\stm32f4xx_hal_rcc.o
                                                  Application\User\main.o
HAL_ResumeTick                                    Drivers\STM32F4xx_HAL_Driver\stm32f4xx_hal.o
HAL_SPI_Abort                                     Drivers\STM32F4xx_HAL_Driver\stm32f4xx_hal_spi.o
HAL_SPI_AbortCpltCallback                         Drivers\STM32F4xx_HAL_Driver\stm32f4xx_hal_spi.o
HAL_SPI_Abort_IT                                  Drivers\STM32F4xx_HAL_Driver\stm32f4xx_hal_spi.o
HAL_SPI_DMAPause                                  Drivers\STM32F4xx_HAL_Driver\stm32f4xx_hal_spi.o
HAL_SPI_DMAResume                                 Drivers\STM32F4xx_HAL_Driver\stm32f4xx_hal_spi.o
HAL_SPI_DMAStop                                   Drivers\STM32F4xx_HAL_Driver\stm32f4xx_hal_spi.o
HAL_SPI_DeInit                                    Drivers\STM32F4xx_HAL_Driver\stm32f4xx_hal_spi.o
HAL_SPI_ErrorCallback                             Drivers\STM32F4xx_HAL_Driver\stm32f4xx_hal_spi.o
HAL_SPI_GetError                                  Drivers\STM32F4xx_HAL_Driver\stm32f4xx_hal_spi.o
HAL_SPI_GetState                                  Drivers\STM32F4xx_HAL_Driver\stm32f4xx_hal_spi.o
                                                  Application\User\main.o
HAL_SPI_IRQHandler                                Drivers\STM32F4xx_HAL_Driver\stm32f4xx_hal_spi.o
HAL_SPI_Init                                      Drivers\STM32F4xx_HAL_Driver\stm32f4xx_hal_spi.o
                                                  Application\User\main.o
HAL_SPI_MspDeInit                                 Application\User\stm32f4xx_hal_msp.o
HAL_SPI_MspInit                                   Application\User\stm32f4xx_hal_msp.o
HAL_SPI_Receive                                   Drivers\STM32F4xx_HAL_Driver\stm32f4xx_hal_spi.o
                                                  Application\User\main.o
HAL_SPI_Receive_DMA                               Drivers\STM32F4xx_HAL_Driver\stm32f4xx_hal_spi.o
HAL_SPI_Receive_IT                                Drivers\STM32F4xx_HAL_Driver\stm32f4xx_hal_spi.o
HAL_SPI_RxCpltCallback                            Drivers\STM32F4xx_HAL_Driver\stm32f4xx_hal_spi.o
HAL_SPI_RxHalfCpltCallback                        Drivers\STM32F4xx_HAL_Driver\stm32f4xx_hal_spi.o
HAL_SPI_Transmit                                  Drivers\STM32F4xx_HAL_Driver\stm32f4xx_hal_spi.o
                                                  Application\User\main.o
HAL_SPI_TransmitReceive                           Drivers\STM32F4xx_HAL_Driver\stm32f4xx_hal_spi.o
HAL_SPI_TransmitReceive_DMA                       Drivers\STM32F4xx_HAL_Driver\stm32f4xx_hal_spi.o
HAL_SPI_TransmitReceive_IT                        Drivers\STM32F4xx_HAL_Driver\stm32f4xx_hal_spi.o
HAL_SPI_Transmit_DMA                              Drivers\STM32F4xx_HAL_Driver\stm32f4xx_hal_spi.o
HAL_SPI_Transmit_IT                               Drivers\STM32F4xx_HAL_Driver\stm32f4xx_hal_spi.o
HAL_SPI_TxCpltCallback                            Drivers\STM32F4xx_HAL_Driver\stm32f4xx_hal_spi.o
HAL_SPI_TxHalfCpltCallback                        Drivers\STM32F4xx_HAL_Driver\stm32f4xx_hal_spi.o
HAL_SPI_TxRxCpltCallback                          Drivers\STM32F4xx_HAL_Driver\stm32f4xx_hal_spi.o
HAL_SPI_TxRxHalfCpltCallback                      Drivers\STM32F4xx_HAL_Driver\stm32f4xx_hal_spi.o
HAL_SYSTICK_CLKSourceConfig                       Drivers\STM32F4xx_HAL_Driver\stm32f4xx_hal_cortex.o
                                                  Application\User\main.o
HAL_SYSTICK_Callback                              Drivers\STM32F4xx_HAL_Driver\stm32f4xx_hal_cortex.o
HAL_SYSTICK_Config                                Drivers\STM32F4xx_HAL_Driver\stm32f4xx_hal_cortex.o
                                                  Drivers\STM32F4xx_HAL_Driver\stm32f4xx_hal.o
                                                  Application\User\main.o
HAL_SYSTICK_IRQHandler                            Drivers\STM32F4xx_HAL_Driver\stm32f4xx_hal_cortex.o
                                                  Application\User\stm32f4xx_it.o
HAL_SetTickFreq                                   Drivers\STM32F4xx_HAL_Driver\stm32f4xx_hal.o
HAL_SuspendTick                                   Drivers\STM32F4xx_HAL_Driver\stm32f4xx_hal.o
MX_DriverVbusFS                                   Application\User\usbh_platform.o
                                                  Application\User\usbh_conf.o
MX_USB_HOST_Init                                  Application\User\usb_host.o
                                                  Application\User\main.o
MX_USB_HOST_Process                               Application\User\usb_host.o
                                                  Application\User\main.o
OTG_FS_IRQHandler                                 Application\User\stm32f4xx_it.o
SPI1_receive                                      Application\User\main.o
SPI1_send                                         Application\User\main.o
SPI2_receive                                      Application\User\main.o
SPI2_send                                         Application\User\main.o
SysTick_Handler                                   Application\User\stm32f4xx_it.o
SystemClock_Config                                Application\User\main.o
SystemCoreClock                                   Drivers\CMSIS\system_stm32f4xx.o
                                                  Drivers\STM32F4xx_HAL_Driver\stm32f4xx_hal_spi.o
                                                  Drivers\STM32F4xx_HAL_Driver\stm32f4xx_hal_rcc_ex.o
                                                  Drivers\STM32F4xx_HAL_Driver\stm32f4xx_hal_rcc.o
                                                  Drivers\STM32F4xx_HAL_Driver\stm32f4xx_hal_i2c.o
                                                  Drivers\STM32F4xx_HAL_Driver\stm32f4xx_hal_dma.o
                                                  Drivers\STM32F4xx_HAL_Driver\stm32f4xx_hal.o
SystemCoreClockUpdate                             Drivers\CMSIS\system_stm32f4xx.o
SystemInit                                        Drivers\CMSIS\system_stm32f4xx.o
USBH_AllocPipe                                    Middlewares\USB_Host_Library\usbh_pipes.o
                                                  Middlewares\USB_Host_Library\usbh_core.o
                                                  Middlewares\USB_Host_Library\usbh_cdc.o
USBH_BulkReceiveData                              Middlewares\USB_Host_Library\usbh_ioreq.o
                                                  Middlewares\USB_Host_Library\usbh_cdc.o
USBH_BulkSendData                                 Middlewares\USB_Host_Library\usbh_ioreq.o
                                                  Middlewares\USB_Host_Library\usbh_cdc.o
USBH_CDC_GetLastReceivedDataSize                  Middlewares\USB_Host_Library\usbh_cdc.o
USBH_CDC_GetLineCoding                            Middlewares\USB_Host_Library\usbh_cdc.o
USBH_CDC_LineCodingChanged                        Middlewares\USB_Host_Library\usbh_cdc.o
USBH_CDC_Receive                                  Middlewares\USB_Host_Library\usbh_cdc.o
USBH_CDC_ReceiveCallback                          Middlewares\USB_Host_Library\usbh_cdc.o
USBH_CDC_SetLineCoding                            Middlewares\USB_Host_Library\usbh_cdc.o
USBH_CDC_Stop                                     Middlewares\USB_Host_Library\usbh_cdc.o
USBH_CDC_Transmit                                 Middlewares\USB_Host_Library\usbh_cdc.o
USBH_CDC_TransmitCallback                         Middlewares\USB_Host_Library\usbh_cdc.o
USBH_ClosePipe                                    Middlewares\USB_Host_Library\usbh_pipes.o
                                                  Middlewares\USB_Host_Library\usbh_cdc.o
USBH_ClrFeature                                   Middlewares\USB_Host_Library\usbh_ctlreq.o
                                                  Middlewares\USB_Host_Library\usbh_cdc.o
USBH_CtlReceiveData                               Middlewares\USB_Host_Library\usbh_ioreq.o
                                                  Middlewares\USB_Host_Library\usbh_ctlreq.o
USBH_CtlReq                                       Middlewares\USB_Host_Library\usbh_ctlreq.o
                                                  Middlewares\USB_Host_Library\usbh_cdc.o
USBH_CtlSendData                                  Middlewares\USB_Host_Library\usbh_ioreq.o
                                                  Middlewares\USB_Host_Library\usbh_ctlreq.o
USBH_CtlSendSetup                                 Middlewares\USB_Host_Library\usbh_ioreq.o
                                                  Middlewares\USB_Host_Library\usbh_ctlreq.o
USBH_DeInit                                       Middlewares\USB_Host_Library\usbh_core.o
USBH_Delay                                        Application\User\usbh_conf.o
                                                  Middlewares\USB_Host_Library\usbh_core.o
USBH_FindInterface                                Middlewares\USB_Host_Library\usbh_core.o
                                                  Middlewares\USB_Host_Library\usbh_cdc.o
USBH_FindInterfaceIndex                           Middlewares\USB_Host_Library\usbh_core.o
USBH_FreePipe                                     Middlewares\USB_Host_Library\usbh_pipes.o
                                                  Middlewares\USB_Host_Library\usbh_core.o
                                                  Middlewares\USB_Host_Library\usbh_cdc.o
USBH_GetActiveClass                               Middlewares\USB_Host_Library\usbh_core.o
USBH_GetDescriptor                                Middlewares\USB_Host_Library\usbh_ctlreq.o
USBH_GetNextDesc                                  Middlewares\USB_Host_Library\usbh_ctlreq.o
USBH_Get_CfgDesc                                  Middlewares\USB_Host_Library\usbh_ctlreq.o
                                                  Middlewares\USB_Host_Library\usbh_core.o
USBH_Get_DevDesc                                  Middlewares\USB_Host_Library\usbh_ctlreq.o
                                                  Middlewares\USB_Host_Library\usbh_core.o
USBH_Get_StringDesc                               Middlewares\USB_Host_Library\usbh_ctlreq.o
                                                  Middlewares\USB_Host_Library\usbh_core.o
USBH_Init                                         Middlewares\USB_Host_Library\usbh_core.o
                                                  Application\User\usb_host.o
USBH_InterruptReceiveData                         Middlewares\USB_Host_Library\usbh_ioreq.o
USBH_InterruptSendData                            Middlewares\USB_Host_Library\usbh_ioreq.o
USBH_IsocReceiveData                              Middlewares\USB_Host_Library\usbh_ioreq.o
USBH_IsocSendData                                 Middlewares\USB_Host_Library\usbh_ioreq.o
USBH_LL_ClosePipe                                 Application\User\usbh_conf.o
                                                  Middlewares\USB_Host_Library\usbh_pipes.o
USBH_LL_Connect                                   Middlewares\USB_Host_Library\usbh_core.o
                                                  Application\User\usbh_conf.o
USBH_LL_DeInit                                    Application\User\usbh_conf.o
USBH_LL_Disconnect                                Middlewares\USB_Host_Library\usbh_core.o
                                                  Application\User\usbh_conf.o
USBH_LL_DriverVBUS                                Application\User\usbh_conf.o
                                                  Middlewares\USB_Host_Library\usbh_core.o
USBH_LL_GetLastXferSize                           Application\User\usbh_conf.o
                                                  Middlewares\USB_Host_Library\usbh_cdc.o
USBH_LL_GetSpeed                                  Application\User\usbh_conf.o
                                                  Middlewares\USB_Host_Library\usbh_core.o
USBH_LL_GetToggle                                 Application\User\usbh_conf.o
USBH_LL_GetURBState                               Application\User\usbh_conf.o
                                                  Middlewares\USB_Host_Library\usbh_ctlreq.o
                                                  Middlewares\USB_Host_Library\usbh_cdc.o
USBH_LL_IncTimer                                  Middlewares\USB_Host_Library\usbh_core.o
                                                  Application\User\usbh_conf.o
USBH_LL_Init                                      Application\User\usbh_conf.o
                                                  Middlewares\USB_Host_Library\usbh_core.o
USBH_LL_OpenPipe                                  Application\User\usbh_conf.o
                                                  Middlewares\USB_Host_Library\usbh_pipes.o
USBH_LL_ResetPort                                 Application\User\usbh_conf.o
                                                  Middlewares\USB_Host_Library\usbh_core.o
USBH_LL_SetTimer                                  Middlewares\USB_Host_Library\usbh_core.o
                                                  Application\User\usbh_conf.o
USBH_LL_SetToggle                                 Application\User\usbh_conf.o
                                                  Middlewares\USB_Host_Library\usbh_cdc.o
USBH_LL_Start                                     Application\User\usbh_conf.o
                                                  Middlewares\USB_Host_Library\usbh_core.o
USBH_LL_Stop                                      Application\User\usbh_conf.o
                                                  Middlewares\USB_Host_Library\usbh_ctlreq.o
                                                  Middlewares\USB_Host_Library\usbh_core.o
USBH_LL_SubmitURB                                 Application\User\usbh_conf.o
                                                  Middlewares\USB_Host_Library\usbh_ioreq.o
USBH_OpenPipe                                     Middlewares\USB_Host_Library\usbh_pipes.o
                                                  Middlewares\USB_Host_Library\usbh_core.o
                                                  Middlewares\USB_Host_Library\usbh_cdc.o
USBH_Process                                      Middlewares\USB_Host_Library\usbh_core.o
                                                  Application\User\usb_host.o
USBH_ReEnumerate                                  Middlewares\USB_Host_Library\usbh_core.o
USBH_RegisterClass                                Middlewares\USB_Host_Library\usbh_core.o
                                                  Application\User\usb_host.o
USBH_SelectInterface                              Middlewares\USB_Host_Library\usbh_core.o
                                                  Middlewares\USB_Host_Library\usbh_cdc.o
USBH_SetAddress                                   Middlewares\USB_Host_Library\usbh_ctlreq.o
                                                  Middlewares\USB_Host_Library\usbh_core.o
USBH_SetCfg                                       Middlewares\USB_Host_Library\usbh_ctlreq.o
                                                  Middlewares\USB_Host_Library\usbh_core.o
USBH_SetInterface                                 Middlewares\USB_Host_Library\usbh_ctlreq.o
USBH_Start                                        Middlewares\USB_Host_Library\usbh_core.o
                                                  Application\User\usb_host.o
USBH_Stop                                         Middlewares\USB_Host_Library\usbh_core.o
USB_ActivateDedicatedEndpoint                     Drivers\STM32F4xx_HAL_Driver\stm32f4xx_ll_usb.o
USB_ActivateEndpoint                              Drivers\STM32F4xx_HAL_Driver\stm32f4xx_ll_usb.o
USB_ActivateSetup                                 Drivers\STM32F4xx_HAL_Driver\stm32f4xx_ll_usb.o
USB_ClearInterrupts                               Drivers\STM32F4xx_HAL_Driver\stm32f4xx_ll_usb.o
USB_CoreInit                                      Drivers\STM32F4xx_HAL_Driver\stm32f4xx_ll_usb.o
                                                  Drivers\STM32F4xx_HAL_Driver\stm32f4xx_hal_hcd.o
USB_DeactivateDedicatedEndpoint                   Drivers\STM32F4xx_HAL_Driver\stm32f4xx_ll_usb.o
USB_DeactivateEndpoint                            Drivers\STM32F4xx_HAL_Driver\stm32f4xx_ll_usb.o
USB_DevConnect                                    Drivers\STM32F4xx_HAL_Driver\stm32f4xx_ll_usb.o
USB_DevDisconnect                                 Drivers\STM32F4xx_HAL_Driver\stm32f4xx_ll_usb.o
USB_DevInit                                       Drivers\STM32F4xx_HAL_Driver\stm32f4xx_ll_usb.o
USB_DisableGlobalInt                              Drivers\STM32F4xx_HAL_Driver\stm32f4xx_ll_usb.o
                                                  Drivers\STM32F4xx_HAL_Driver\stm32f4xx_hal_hcd.o
USB_DoPing                                        Drivers\STM32F4xx_HAL_Driver\stm32f4xx_ll_usb.o
USB_DriveVbus                                     Drivers\STM32F4xx_HAL_Driver\stm32f4xx_ll_usb.o
                                                  Drivers\STM32F4xx_HAL_Driver\stm32f4xx_hal_hcd.o
USB_EP0StartXfer                                  Drivers\STM32F4xx_HAL_Driver\stm32f4xx_ll_usb.o
USB_EP0_OutStart                                  Drivers\STM32F4xx_HAL_Driver\stm32f4xx_ll_usb.o
USB_EPClearStall                                  Drivers\STM32F4xx_HAL_Driver\stm32f4xx_ll_usb.o
USB_EPSetStall                                    Drivers\STM32F4xx_HAL_Driver\stm32f4xx_ll_usb.o
USB_EPStartXfer                                   Drivers\STM32F4xx_HAL_Driver\stm32f4xx_ll_usb.o
USB_EnableGlobalInt                               Drivers\STM32F4xx_HAL_Driver\stm32f4xx_ll_usb.o
                                                  Drivers\STM32F4xx_HAL_Driver\stm32f4xx_hal_hcd.o
USB_FlushRxFifo                                   Drivers\STM32F4xx_HAL_Driver\stm32f4xx_ll_usb.o
USB_FlushTxFifo                                   Drivers\STM32F4xx_HAL_Driver\stm32f4xx_ll_usb.o
USB_GetCurrentFrame                               Drivers\STM32F4xx_HAL_Driver\stm32f4xx_ll_usb.o
                                                  Drivers\STM32F4xx_HAL_Driver\stm32f4xx_hal_hcd.o
USB_GetDevSpeed                                   Drivers\STM32F4xx_HAL_Driver\stm32f4xx_ll_usb.o
USB_GetHostSpeed                                  Drivers\STM32F4xx_HAL_Driver\stm32f4xx_ll_usb.o
                                                  Drivers\STM32F4xx_HAL_Driver\stm32f4xx_hal_hcd.o
USB_GetMode                                       Drivers\STM32F4xx_HAL_Driver\stm32f4xx_ll_usb.o
                                                  Drivers\STM32F4xx_HAL_Driver\stm32f4xx_hal_hcd.o
USB_HC_Halt                                       Drivers\STM32F4xx_HAL_Driver\stm32f4xx_ll_usb.o